-- The C compiler identification is GNU 13.3.0
-- The CXX compiler identification is GNU 13.3.0
-- Detecting C compiler ABI info
-- Detecting C compiler ABI info - done
-- Check for working C compiler: /usr/bin/cc - skipped
-- Detecting C compile features
-- Detecting C compile features - done
-- Detecting CXX compiler ABI info
-- Detecting CXX compiler ABI info - done
-- Check for working CXX compiler: /usr/bin/c++ - skipped
-- Detecting CXX compile features
-- Detecting CXX compile features - done
-- Found ament_cmake: 2.5.4 (/opt/ros/jazzy/share/ament_cmake/cmake)
-- Found Python3: /usr/bin/python3 (found version "3.12.3") found components: Interpreter 
-- Found control_msgs: 5.4.0 (/opt/ros/jazzy/share/control_msgs/cmake)
-- Found rosidl_generator_c: 4.6.5 (/opt/ros/jazzy/share/rosidl_generator_c/cmake)
-- Found rosidl_generator_cpp: 4.6.5 (/opt/ros/jazzy/share/rosidl_generator_cpp/cmake)
-- Using all available rosidl_typesupport_c: rosidl_typesupport_fastrtps_c;rosidl_typesupport_introspection_c
-- Using all available rosidl_typesupport_cpp: rosidl_typesupport_fastrtps_cpp;rosidl_typesupport_introspection_cpp
-- Found rclcpp: 28.1.9 (/opt/ros/jazzy/share/rclcpp/cmake)
-- Found rmw_implementation_cmake: 7.3.2 (/opt/ros/jazzy/share/rmw_implementation_cmake/cmake)
-- Found rmw_fastrtps_cpp: 8.4.2 (/opt/ros/jazzy/share/rmw_fastrtps_cpp/cmake)
-- Found OpenSSL: /usr/lib/x86_64-linux-gnu/libcrypto.so (found version "3.0.13")  
-- Found FastRTPS: /opt/ros/jazzy/include (Required is at least version "2.13") 
-- Using RMW implementation 'rmw_fastrtps_cpp' as default
-- Found rclcpp_action: 28.1.9 (/opt/ros/jazzy/share/rclcpp_action/cmake)
-- Found ament_cmake_gtest: 2.5.4 (/opt/ros/jazzy/share/ament_cmake_gtest/cmake)
-- Found ament_lint_auto: 0.17.2 (/opt/ros/jazzy/share/ament_lint_auto/cmake)
-- Added test 'copyright' to check source files copyright and LICENSE
-- Added test 'cppcheck' to perform static code analysis on C / C++ code
-- Configured cppcheck include dirs: 
-- Configured cppcheck exclude dirs and/or files: 
-- Added test 'cpplint' to check C / C++ code against the Google style
-- Configured cpplint exclude dirs and/or files: 
-- Added test 'flake8' to check Python code syntax and style conventions
-- Configured 'flake8' exclude dirs and/or files: 
-- Added test 'lint_cmake' to check CMake code style
-- Added test 'pep257' to check Python code against some of the docstring style conventions in PEP 257
-- Added test 'uncrustify' to check C / C++ code style
-- Configured uncrustify additional arguments: 
-- Added test 'xmllint' to check XML markup files
-- Configuring done (1.4s)
-- Generating done (0.0s)
-- Build files have been written to: /home/kaban/project_robot_ws_sim/project_robot_ws/sim/build/robot_sim
[ 50%] [32mBuilding CXX object CMakeFiles/example_tricycle_drive.dir/examples/example_tricycle_drive.cpp.o[0m
[100%] [32m[1mLinking CXX executable example_tricycle_drive[0m
[100%] Built target example_tricycle_drive
-- Install configuration: ""
-- Installing: /home/kaban/project_robot_ws_sim/project_robot_ws/sim/install/robot_sim/share/robot_sim//launch
-- Installing: /home/kaban/project_robot_ws_sim/project_robot_ws/sim/install/robot_sim/share/robot_sim//launch/bicycle_drive.launch .py
-- Installing: /home/kaban/project_robot_ws_sim/project_robot_ws/sim/install/robot_sim/share/robot_sim//launch/p.py
-- Installing: /home/kaban/project_robot_ws_sim/project_robot_ws/sim/install/robot_sim/share/robot_sim//launch/sim.launch.py
-- Up-to-date: /home/kaban/project_robot_ws_sim/project_robot_ws/sim/install/robot_sim/share/robot_sim//launch
-- Installing: /home/kaban/project_robot_ws_sim/project_robot_ws/sim/install/robot_sim/share/robot_sim//launch/__pycache__
-- Installing: /home/kaban/project_robot_ws_sim/project_robot_ws/sim/install/robot_sim/share/robot_sim//launch/__pycache__/online_async_launch.cpython-310.pyc
-- Installing: /home/kaban/project_robot_ws_sim/project_robot_ws/sim/install/robot_sim/share/robot_sim//launch/base_link_launch.py
-- Installing: /home/kaban/project_robot_ws_sim/project_robot_ws/sim/install/robot_sim/share/robot_sim//launch/online_async_launch.py
-- Installing: /home/kaban/project_robot_ws_sim/project_robot_ws/sim/install/robot_sim/share/robot_sim//launch/navigation_launch.py
-- Installing: /home/kaban/project_robot_ws_sim/project_robot_ws/sim/install/robot_sim/share/robot_sim//config
-- Installing: /home/kaban/project_robot_ws_sim/project_robot_ws/sim/install/robot_sim/share/robot_sim//config/nav2_params_rpp.yaml
-- Installing: /home/kaban/project_robot_ws_sim/project_robot_ws/sim/install/robot_sim/share/robot_sim//config/mapper_params_online_async.yaml
-- Installing: /home/kaban/project_robot_ws_sim/project_robot_ws/sim/install/robot_sim/share/robot_sim//config/bicycle_drive_controller.yaml
-- Installing: /home/kaban/project_robot_ws_sim/project_robot_ws/sim/install/robot_sim/share/robot_sim//config/obstacles.world
-- Installing: /home/kaban/project_robot_ws_sim/project_robot_ws/sim/install/robot_sim/share/robot_sim//config/tricycle_drive_controller.yaml
-- Installing: /home/kaban/project_robot_ws_sim/project_robot_ws/sim/install/robot_sim/share/robot_sim//config/gz_bridge.yaml
-- Installing: /home/kaban/project_robot_ws_sim/project_robot_ws/sim/install/robot_sim/share/robot_sim//config/twist_mux.yaml
-- Installing: /home/kaban/project_robot_ws_sim/project_robot_ws/sim/install/robot_sim/share/robot_sim//config/nav2_params_vp.yaml
-- Installing: /home/kaban/project_robot_ws_sim/project_robot_ws/sim/install/robot_sim/share/robot_sim//config/config.rviz
-- Installing: /home/kaban/project_robot_ws_sim/project_robot_ws/sim/install/robot_sim/share/robot_sim//config/slam_test.world
-- Installing: /home/kaban/project_robot_ws_sim/project_robot_ws/sim/install/robot_sim/share/robot_sim//config/nav2_params.yaml
-- Installing: /home/kaban/project_robot_ws_sim/project_robot_ws/sim/install/robot_sim/share/robot_sim//config/cave.sdf
-- Installing: /home/kaban/project_robot_ws_sim/project_robot_ws/sim/install/robot_sim/share/robot_sim//urdf
-- Installing: /home/kaban/project_robot_ws_sim/project_robot_ws/sim/install/robot_sim/share/robot_sim//urdf/full_robot.xacro.urdf
-- Installing: /home/kaban/project_robot_ws_sim/project_robot_ws/sim/install/robot_sim/share/robot_sim//urdf/robot_urdf
-- Installing: /home/kaban/project_robot_ws_sim/project_robot_ws/sim/install/robot_sim/share/robot_sim//urdf/robot_urdf/build
-- Installing: /home/kaban/project_robot_ws_sim/project_robot_ws/sim/install/robot_sim/share/robot_sim//urdf/robot_urdf/build/robot_urdf
-- Installing: /home/kaban/project_robot_ws_sim/project_robot_ws/sim/install/robot_sim/share/robot_sim//urdf/robot_urdf/build/robot_urdf/cmake_args.last
-- Installing: /home/kaban/project_robot_ws_sim/project_robot_ws/sim/install/robot_sim/share/robot_sim//urdf/robot_urdf/build/robot_urdf/colcon_command_prefix_build.sh.env
-- Installing: /home/kaban/project_robot_ws_sim/project_robot_ws/sim/install/robot_sim/share/robot_sim//urdf/robot_urdf/build/robot_urdf/colcon_build.rc
-- Installing: /home/kaban/project_robot_ws_sim/project_robot_ws/sim/install/robot_sim/share/robot_sim//urdf/robot_urdf/build/robot_urdf/CMakeCache.txt
-- Installing: /home/kaban/project_robot_ws_sim/project_robot_ws/sim/install/robot_sim/share/robot_sim//urdf/robot_urdf/build/robot_urdf/colcon_command_prefix_build.sh
-- Installing: /home/kaban/project_robot_ws_sim/project_robot_ws/sim/install/robot_sim/share/robot_sim//urdf/robot_urdf/build/robot_urdf/.cmake
-- Installing: /home/kaban/project_robot_ws_sim/project_robot_ws/sim/install/robot_sim/share/robot_sim//urdf/robot_urdf/build/robot_urdf/.cmake/api
-- Installing: /home/kaban/project_robot_ws_sim/project_robot_ws/sim/install/robot_sim/share/robot_sim//urdf/robot_urdf/build/robot_urdf/.cmake/api/v1
-- Installing: /home/kaban/project_robot_ws_sim/project_robot_ws/sim/install/robot_sim/share/robot_sim//urdf/robot_urdf/build/robot_urdf/.cmake/api/v1/query
-- Installing: /home/kaban/project_robot_ws_sim/project_robot_ws/sim/install/robot_sim/share/robot_sim//urdf/robot_urdf/build/robot_urdf/.cmake/api/v1/query/client-colcon-cmake
-- Installing: /home/kaban/project_robot_ws_sim/project_robot_ws/sim/install/robot_sim/share/robot_sim//urdf/robot_urdf/build/robot_urdf/.cmake/api/v1/query/client-colcon-cmake/codemodel-v2
-- Installing: /home/kaban/project_robot_ws_sim/project_robot_ws/sim/install/robot_sim/share/robot_sim//urdf/robot_urdf/build/robot_urdf/CMakeFiles
-- Installing: /home/kaban/project_robot_ws_sim/project_robot_ws/sim/install/robot_sim/share/robot_sim//urdf/robot_urdf/build/robot_urdf/CMakeFiles/CMakeTmp
-- Installing: /home/kaban/project_robot_ws_sim/project_robot_ws/sim/install/robot_sim/share/robot_sim//urdf/robot_urdf/build/robot_urdf/CMakeFiles/CMakeOutput.log
-- Installing: /home/kaban/project_robot_ws_sim/project_robot_ws/sim/install/robot_sim/share/robot_sim//urdf/robot_urdf/build/robot_urdf/CMakeFiles/cmake.check_cache
-- Installing: /home/kaban/project_robot_ws_sim/project_robot_ws/sim/install/robot_sim/share/robot_sim//urdf/robot_urdf/build/robot_urdf/CMakeFiles/3.22.1
-- Installing: /home/kaban/project_robot_ws_sim/project_robot_ws/sim/install/robot_sim/share/robot_sim//urdf/robot_urdf/build/robot_urdf/CMakeFiles/3.22.1/CMakeDetermineCompilerABI_CXX.bin
-- Installing: /home/kaban/project_robot_ws_sim/project_robot_ws/sim/install/robot_sim/share/robot_sim//urdf/robot_urdf/build/robot_urdf/CMakeFiles/3.22.1/CMakeCCompiler.cmake
-- Installing: /home/kaban/project_robot_ws_sim/project_robot_ws/sim/install/robot_sim/share/robot_sim//urdf/robot_urdf/build/robot_urdf/CMakeFiles/3.22.1/CompilerIdC
-- Installing: /home/kaban/project_robot_ws_sim/project_robot_ws/sim/install/robot_sim/share/robot_sim//urdf/robot_urdf/build/robot_urdf/CMakeFiles/3.22.1/CompilerIdC/a.out
-- Installing: /home/kaban/project_robot_ws_sim/project_robot_ws/sim/install/robot_sim/share/robot_sim//urdf/robot_urdf/build/robot_urdf/CMakeFiles/3.22.1/CompilerIdC/CMakeCCompilerId.c
-- Installing: /home/kaban/project_robot_ws_sim/project_robot_ws/sim/install/robot_sim/share/robot_sim//urdf/robot_urdf/build/robot_urdf/CMakeFiles/3.22.1/CompilerIdC/tmp
-- Installing: /home/kaban/project_robot_ws_sim/project_robot_ws/sim/install/robot_sim/share/robot_sim//urdf/robot_urdf/build/robot_urdf/CMakeFiles/3.22.1/CMakeSystem.cmake
-- Installing: /home/kaban/project_robot_ws_sim/project_robot_ws/sim/install/robot_sim/share/robot_sim//urdf/robot_urdf/build/robot_urdf/CMakeFiles/3.22.1/CMakeCXXCompiler.cmake
-- Installing: /home/kaban/project_robot_ws_sim/project_robot_ws/sim/install/robot_sim/share/robot_sim//urdf/robot_urdf/build/robot_urdf/CMakeFiles/3.22.1/CompilerIdCXX
-- Installing: /home/kaban/project_robot_ws_sim/project_robot_ws/sim/install/robot_sim/share/robot_sim//urdf/robot_urdf/build/robot_urdf/CMakeFiles/3.22.1/CompilerIdCXX/a.out
-- Installing: /home/kaban/project_robot_ws_sim/project_robot_ws/sim/install/robot_sim/share/robot_sim//urdf/robot_urdf/build/robot_urdf/CMakeFiles/3.22.1/CompilerIdCXX/CMakeCXXCompilerId.cpp
-- Installing: /home/kaban/project_robot_ws_sim/project_robot_ws/sim/install/robot_sim/share/robot_sim//urdf/robot_urdf/build/robot_urdf/CMakeFiles/3.22.1/CompilerIdCXX/tmp
-- Installing: /home/kaban/project_robot_ws_sim/project_robot_ws/sim/install/robot_sim/share/robot_sim//urdf/robot_urdf/build/robot_urdf/CMakeFiles/3.22.1/CMakeDetermineCompilerABI_C.bin
-- Installing: /home/kaban/project_robot_ws_sim/project_robot_ws/sim/install/robot_sim/share/robot_sim//urdf/robot_urdf/build/.built_by
-- Installing: /home/kaban/project_robot_ws_sim/project_robot_ws/sim/install/robot_sim/share/robot_sim//urdf/robot_urdf/build/COLCON_IGNORE
-- Installing: /home/kaban/project_robot_ws_sim/project_robot_ws/sim/install/robot_sim/share/robot_sim//urdf/robot_urdf/config
-- Installing: /home/kaban/project_robot_ws_sim/project_robot_ws/sim/install/robot_sim/share/robot_sim//urdf/robot_urdf/config/joint_names_robot_urdf.yaml
-- Installing: /home/kaban/project_robot_ws_sim/project_robot_ws/sim/install/robot_sim/share/robot_sim//urdf/robot_urdf/CMakeLists.txt
-- Installing: /home/kaban/project_robot_ws_sim/project_robot_ws/sim/install/robot_sim/share/robot_sim//urdf/robot_urdf/install
-- Installing: /home/kaban/project_robot_ws_sim/project_robot_ws/sim/install/robot_sim/share/robot_sim//urdf/robot_urdf/install/local_setup.ps1
-- Installing: /home/kaban/project_robot_ws_sim/project_robot_ws/sim/install/robot_sim/share/robot_sim//urdf/robot_urdf/install/.colcon_install_layout
-- Installing: /home/kaban/project_robot_ws_sim/project_robot_ws/sim/install/robot_sim/share/robot_sim//urdf/robot_urdf/install/_local_setup_util_sh.py
-- Installing: /home/kaban/project_robot_ws_sim/project_robot_ws/sim/install/robot_sim/share/robot_sim//urdf/robot_urdf/install/setup.bash
-- Installing: /home/kaban/project_robot_ws_sim/project_robot_ws/sim/install/robot_sim/share/robot_sim//urdf/robot_urdf/install/robot_urdf
-- Installing: /home/kaban/project_robot_ws_sim/project_robot_ws/sim/install/robot_sim/share/robot_sim//urdf/robot_urdf/install/robot_urdf/share
-- Installing: /home/kaban/project_robot_ws_sim/project_robot_ws/sim/install/robot_sim/share/robot_sim//urdf/robot_urdf/install/robot_urdf/share/robot_urdf
-- Installing: /home/kaban/project_robot_ws_sim/project_robot_ws/sim/install/robot_sim/share/robot_sim//urdf/robot_urdf/install/robot_urdf/share/robot_urdf/package.dsv
-- Installing: /home/kaban/project_robot_ws_sim/project_robot_ws/sim/install/robot_sim/share/robot_sim//urdf/robot_urdf/install/robot_urdf/share/robot_urdf/package.ps1
-- Installing: /home/kaban/project_robot_ws_sim/project_robot_ws/sim/install/robot_sim/share/robot_sim//urdf/robot_urdf/install/robot_urdf/share/robot_urdf/package.zsh
-- Installing: /home/kaban/project_robot_ws_sim/project_robot_ws/sim/install/robot_sim/share/robot_sim//urdf/robot_urdf/install/robot_urdf/share/robot_urdf/package.bash
-- Installing: /home/kaban/project_robot_ws_sim/project_robot_ws/sim/install/robot_sim/share/robot_sim//urdf/robot_urdf/install/robot_urdf/share/robot_urdf/package.sh
-- Installing: /home/kaban/project_robot_ws_sim/project_robot_ws/sim/install/robot_sim/share/robot_sim//urdf/robot_urdf/install/robot_urdf/share/colcon-core
-- Installing: /home/kaban/project_robot_ws_sim/project_robot_ws/sim/install/robot_sim/share/robot_sim//urdf/robot_urdf/install/robot_urdf/share/colcon-core/packages
-- Installing: /home/kaban/project_robot_ws_sim/project_robot_ws/sim/install/robot_sim/share/robot_sim//urdf/robot_urdf/install/robot_urdf/share/colcon-core/packages/robot_urdf
-- Installing: /home/kaban/project_robot_ws_sim/project_robot_ws/sim/install/robot_sim/share/robot_sim//urdf/robot_urdf/install/robot_urdf/.catkin
-- Installing: /home/kaban/project_robot_ws_sim/project_robot_ws/sim/install/robot_sim/share/robot_sim//urdf/robot_urdf/install/COLCON_IGNORE
-- Installing: /home/kaban/project_robot_ws_sim/project_robot_ws/sim/install/robot_sim/share/robot_sim//urdf/robot_urdf/install/local_setup.bash
-- Installing: /home/kaban/project_robot_ws_sim/project_robot_ws/sim/install/robot_sim/share/robot_sim//urdf/robot_urdf/install/setup.ps1
-- Installing: /home/kaban/project_robot_ws_sim/project_robot_ws/sim/install/robot_sim/share/robot_sim//urdf/robot_urdf/install/local_setup.sh
-- Installing: /home/kaban/project_robot_ws_sim/project_robot_ws/sim/install/robot_sim/share/robot_sim//urdf/robot_urdf/install/setup.zsh
-- Installing: /home/kaban/project_robot_ws_sim/project_robot_ws/sim/install/robot_sim/share/robot_sim//urdf/robot_urdf/install/_local_setup_util_ps1.py
-- Installing: /home/kaban/project_robot_ws_sim/project_robot_ws/sim/install/robot_sim/share/robot_sim//urdf/robot_urdf/install/local_setup.zsh
-- Installing: /home/kaban/project_robot_ws_sim/project_robot_ws/sim/install/robot_sim/share/robot_sim//urdf/robot_urdf/install/setup.sh
-- Installing: /home/kaban/project_robot_ws_sim/project_robot_ws/sim/install/robot_sim/share/robot_sim//urdf/robot_urdf/launch
-- Installing: /home/kaban/project_robot_ws_sim/project_robot_ws/sim/install/robot_sim/share/robot_sim//urdf/robot_urdf/launch/gazebo.launch
-- Installing: /home/kaban/project_robot_ws_sim/project_robot_ws/sim/install/robot_sim/share/robot_sim//urdf/robot_urdf/launch/display.launch
-- Installing: /home/kaban/project_robot_ws_sim/project_robot_ws/sim/install/robot_sim/share/robot_sim//urdf/robot_urdf/export.log
-- Installing: /home/kaban/project_robot_ws_sim/project_robot_ws/sim/install/robot_sim/share/robot_sim//urdf/robot_urdf/urdf
-- Installing: /home/kaban/project_robot_ws_sim/project_robot_ws/sim/install/robot_sim/share/robot_sim//urdf/robot_urdf/urdf/robot_urdf.csv
-- Installing: /home/kaban/project_robot_ws_sim/project_robot_ws/sim/install/robot_sim/share/robot_sim//urdf/robot_urdf/urdf/robot_urdf.urdf
-- Installing: /home/kaban/project_robot_ws_sim/project_robot_ws/sim/install/robot_sim/share/robot_sim//urdf/robot_urdf/log
-- Installing: /home/kaban/project_robot_ws_sim/project_robot_ws/sim/install/robot_sim/share/robot_sim//urdf/robot_urdf/log/COLCON_IGNORE
-- Installing: /home/kaban/project_robot_ws_sim/project_robot_ws/sim/install/robot_sim/share/robot_sim//urdf/robot_urdf/log/build_2025-05-05_10-50-29
-- Installing: /home/kaban/project_robot_ws_sim/project_robot_ws/sim/install/robot_sim/share/robot_sim//urdf/robot_urdf/log/build_2025-05-05_10-50-29/robot_urdf
-- Installing: /home/kaban/project_robot_ws_sim/project_robot_ws/sim/install/robot_sim/share/robot_sim//urdf/robot_urdf/log/build_2025-05-05_10-50-29/robot_urdf/stdout_stderr.log
-- Installing: /home/kaban/project_robot_ws_sim/project_robot_ws/sim/install/robot_sim/share/robot_sim//urdf/robot_urdf/log/build_2025-05-05_10-50-29/robot_urdf/stdout.log
-- Installing: /home/kaban/project_robot_ws_sim/project_robot_ws/sim/install/robot_sim/share/robot_sim//urdf/robot_urdf/log/build_2025-05-05_10-50-29/robot_urdf/streams.log
-- Installing: /home/kaban/project_robot_ws_sim/project_robot_ws/sim/install/robot_sim/share/robot_sim//urdf/robot_urdf/log/build_2025-05-05_10-50-29/robot_urdf/command.log
-- Installing: /home/kaban/project_robot_ws_sim/project_robot_ws/sim/install/robot_sim/share/robot_sim//urdf/robot_urdf/log/build_2025-05-05_10-50-29/robot_urdf/stderr.log
-- Installing: /home/kaban/project_robot_ws_sim/project_robot_ws/sim/install/robot_sim/share/robot_sim//urdf/robot_urdf/log/build_2025-05-05_10-50-29/logger_all.log
-- Installing: /home/kaban/project_robot_ws_sim/project_robot_ws/sim/install/robot_sim/share/robot_sim//urdf/robot_urdf/log/build_2025-05-05_10-50-29/events.log
-- Installing: /home/kaban/project_robot_ws_sim/project_robot_ws/sim/install/robot_sim/share/robot_sim//urdf/robot_urdf/textures
-- Installing: /home/kaban/project_robot_ws_sim/project_robot_ws/sim/install/robot_sim/share/robot_sim//urdf/robot_urdf/meshes
-- Installing: /home/kaban/project_robot_ws_sim/project_robot_ws/sim/install/robot_sim/share/robot_sim//urdf/robot_urdf/meshes/link_lidar.STL
-- Installing: /home/kaban/project_robot_ws_sim/project_robot_ws/sim/install/robot_sim/share/robot_sim//urdf/robot_urdf/meshes/link_laser.STL
-- Installing: /home/kaban/project_robot_ws_sim/project_robot_ws/sim/install/robot_sim/share/robot_sim//urdf/robot_urdf/meshes/link_depth_camera.STL
-- Installing: /home/kaban/project_robot_ws_sim/project_robot_ws/sim/install/robot_sim/share/robot_sim//urdf/robot_urdf/meshes/link_wheel_rear_right.STL
-- Installing: /home/kaban/project_robot_ws_sim/project_robot_ws/sim/install/robot_sim/share/robot_sim//urdf/robot_urdf/meshes/link_steering_pinion.STL
-- Installing: /home/kaban/project_robot_ws_sim/project_robot_ws/sim/install/robot_sim/share/robot_sim//urdf/robot_urdf/meshes/link_wheel_rear_left.STL
-- Installing: /home/kaban/project_robot_ws_sim/project_robot_ws/sim/install/robot_sim/share/robot_sim//urdf/robot_urdf/meshes/link_steering_rack.STL
-- Installing: /home/kaban/project_robot_ws_sim/project_robot_ws/sim/install/robot_sim/share/robot_sim//urdf/robot_urdf/meshes/base_link.STL
-- Installing: /home/kaban/project_robot_ws_sim/project_robot_ws/sim/install/robot_sim/share/robot_sim//urdf/robot_urdf/meshes/link_steering_rods.STL
-- Installing: /home/kaban/project_robot_ws_sim/project_robot_ws/sim/install/robot_sim/share/robot_sim//urdf/robot_urdf/package.xml
-- Installing: /home/kaban/project_robot_ws_sim/project_robot_ws/sim/install/robot_sim/share/robot_sim//urdf/lidar.xacro
-- Installing: /home/kaban/project_robot_ws_sim/project_robot_ws/sim/install/robot_sim/share/robot_sim//urdf/test_tricycle_drive.xacro.urdf
-- Installing: /home/kaban/project_robot_ws_sim/project_robot_ws/sim/install/robot_sim/share/robot_sim//urdf/inertial_macros.xacro
-- Installing: /home/kaban/project_robot_ws_sim/project_robot_ws/sim/install/robot_sim/share/robot_sim//urdf/meshes
-- Installing: /home/kaban/project_robot_ws_sim/project_robot_ws/sim/install/robot_sim/share/robot_sim//urdf/meshes/link_lidar.STL
-- Installing: /home/kaban/project_robot_ws_sim/project_robot_ws/sim/install/robot_sim/share/robot_sim//urdf/meshes/link_laser.STL
-- Installing: /home/kaban/project_robot_ws_sim/project_robot_ws/sim/install/robot_sim/share/robot_sim//urdf/meshes/link_depth_camera.STL
-- Installing: /home/kaban/project_robot_ws_sim/project_robot_ws/sim/install/robot_sim/share/robot_sim//urdf/meshes/link_wheel_rear_right.STL
-- Installing: /home/kaban/project_robot_ws_sim/project_robot_ws/sim/install/robot_sim/share/robot_sim//urdf/meshes/link_steering_pinion.STL
-- Installing: /home/kaban/project_robot_ws_sim/project_robot_ws/sim/install/robot_sim/share/robot_sim//urdf/meshes/link_wheel_rear_left.STL
-- Installing: /home/kaban/project_robot_ws_sim/project_robot_ws/sim/install/robot_sim/share/robot_sim//urdf/meshes/link_steering_rack.STL
-- Installing: /home/kaban/project_robot_ws_sim/project_robot_ws/sim/install/robot_sim/share/robot_sim//urdf/meshes/base_link.STL
-- Installing: /home/kaban/project_robot_ws_sim/project_robot_ws/sim/install/robot_sim/share/robot_sim//urdf/meshes/link_steering_rods.STL
-- Installing: /home/kaban/project_robot_ws_sim/project_robot_ws/sim/install/robot_sim/share/robot_sim//worlds
-- Installing: /home/kaban/project_robot_ws_sim/project_robot_ws/sim/install/robot_sim/share/robot_sim//worlds/empty.world
-- Installing: /home/kaban/project_robot_ws_sim/project_robot_ws/sim/install/robot_sim/share/urdf
-- Installing: /home/kaban/project_robot_ws_sim/project_robot_ws/sim/install/robot_sim/share/urdf/full_robot.xacro.urdf
-- Installing: /home/kaban/project_robot_ws_sim/project_robot_ws/sim/install/robot_sim/share/urdf/robot_urdf
-- Installing: /home/kaban/project_robot_ws_sim/project_robot_ws/sim/install/robot_sim/share/urdf/robot_urdf/build
-- Installing: /home/kaban/project_robot_ws_sim/project_robot_ws/sim/install/robot_sim/share/urdf/robot_urdf/build/robot_urdf
-- Installing: /home/kaban/project_robot_ws_sim/project_robot_ws/sim/install/robot_sim/share/urdf/robot_urdf/build/robot_urdf/cmake_args.last
-- Installing: /home/kaban/project_robot_ws_sim/project_robot_ws/sim/install/robot_sim/share/urdf/robot_urdf/build/robot_urdf/colcon_command_prefix_build.sh.env
-- Installing: /home/kaban/project_robot_ws_sim/project_robot_ws/sim/install/robot_sim/share/urdf/robot_urdf/build/robot_urdf/colcon_build.rc
-- Installing: /home/kaban/project_robot_ws_sim/project_robot_ws/sim/install/robot_sim/share/urdf/robot_urdf/build/robot_urdf/CMakeCache.txt
-- Installing: /home/kaban/project_robot_ws_sim/project_robot_ws/sim/install/robot_sim/share/urdf/robot_urdf/build/robot_urdf/colcon_command_prefix_build.sh
-- Installing: /home/kaban/project_robot_ws_sim/project_robot_ws/sim/install/robot_sim/share/urdf/robot_urdf/build/robot_urdf/.cmake
-- Installing: /home/kaban/project_robot_ws_sim/project_robot_ws/sim/install/robot_sim/share/urdf/robot_urdf/build/robot_urdf/.cmake/api
-- Installing: /home/kaban/project_robot_ws_sim/project_robot_ws/sim/install/robot_sim/share/urdf/robot_urdf/build/robot_urdf/.cmake/api/v1
-- Installing: /home/kaban/project_robot_ws_sim/project_robot_ws/sim/install/robot_sim/share/urdf/robot_urdf/build/robot_urdf/.cmake/api/v1/query
-- Installing: /home/kaban/project_robot_ws_sim/project_robot_ws/sim/install/robot_sim/share/urdf/robot_urdf/build/robot_urdf/.cmake/api/v1/query/client-colcon-cmake
-- Installing: /home/kaban/project_robot_ws_sim/project_robot_ws/sim/install/robot_sim/share/urdf/robot_urdf/build/robot_urdf/.cmake/api/v1/query/client-colcon-cmake/codemodel-v2
-- Installing: /home/kaban/project_robot_ws_sim/project_robot_ws/sim/install/robot_sim/share/urdf/robot_urdf/build/robot_urdf/CMakeFiles
-- Installing: /home/kaban/project_robot_ws_sim/project_robot_ws/sim/install/robot_sim/share/urdf/robot_urdf/build/robot_urdf/CMakeFiles/CMakeTmp
-- Installing: /home/kaban/project_robot_ws_sim/project_robot_ws/sim/install/robot_sim/share/urdf/robot_urdf/build/robot_urdf/CMakeFiles/CMakeOutput.log
-- Installing: /home/kaban/project_robot_ws_sim/project_robot_ws/sim/install/robot_sim/share/urdf/robot_urdf/build/robot_urdf/CMakeFiles/cmake.check_cache
-- Installing: /home/kaban/project_robot_ws_sim/project_robot_ws/sim/install/robot_sim/share/urdf/robot_urdf/build/robot_urdf/CMakeFiles/3.22.1
-- Installing: /home/kaban/project_robot_ws_sim/project_robot_ws/sim/install/robot_sim/share/urdf/robot_urdf/build/robot_urdf/CMakeFiles/3.22.1/CMakeDetermineCompilerABI_CXX.bin
-- Installing: /home/kaban/project_robot_ws_sim/project_robot_ws/sim/install/robot_sim/share/urdf/robot_urdf/build/robot_urdf/CMakeFiles/3.22.1/CMakeCCompiler.cmake
-- Installing: /home/kaban/project_robot_ws_sim/project_robot_ws/sim/install/robot_sim/share/urdf/robot_urdf/build/robot_urdf/CMakeFiles/3.22.1/CompilerIdC
-- Installing: /home/kaban/project_robot_ws_sim/project_robot_ws/sim/install/robot_sim/share/urdf/robot_urdf/build/robot_urdf/CMakeFiles/3.22.1/CompilerIdC/a.out
-- Installing: /home/kaban/project_robot_ws_sim/project_robot_ws/sim/install/robot_sim/share/urdf/robot_urdf/build/robot_urdf/CMakeFiles/3.22.1/CompilerIdC/CMakeCCompilerId.c
-- Installing: /home/kaban/project_robot_ws_sim/project_robot_ws/sim/install/robot_sim/share/urdf/robot_urdf/build/robot_urdf/CMakeFiles/3.22.1/CompilerIdC/tmp
-- Installing: /home/kaban/project_robot_ws_sim/project_robot_ws/sim/install/robot_sim/share/urdf/robot_urdf/build/robot_urdf/CMakeFiles/3.22.1/CMakeSystem.cmake
-- Installing: /home/kaban/project_robot_ws_sim/project_robot_ws/sim/install/robot_sim/share/urdf/robot_urdf/build/robot_urdf/CMakeFiles/3.22.1/CMakeCXXCompiler.cmake
-- Installing: /home/kaban/project_robot_ws_sim/project_robot_ws/sim/install/robot_sim/share/urdf/robot_urdf/build/robot_urdf/CMakeFiles/3.22.1/CompilerIdCXX
-- Installing: /home/kaban/project_robot_ws_sim/project_robot_ws/sim/install/robot_sim/share/urdf/robot_urdf/build/robot_urdf/CMakeFiles/3.22.1/CompilerIdCXX/a.out
-- Installing: /home/kaban/project_robot_ws_sim/project_robot_ws/sim/install/robot_sim/share/urdf/robot_urdf/build/robot_urdf/CMakeFiles/3.22.1/CompilerIdCXX/CMakeCXXCompilerId.cpp
-- Installing: /home/kaban/project_robot_ws_sim/project_robot_ws/sim/install/robot_sim/share/urdf/robot_urdf/build/robot_urdf/CMakeFiles/3.22.1/CompilerIdCXX/tmp
-- Installing: /home/kaban/project_robot_ws_sim/project_robot_ws/sim/install/robot_sim/share/urdf/robot_urdf/build/robot_urdf/CMakeFiles/3.22.1/CMakeDetermineCompilerABI_C.bin
-- Installing: /home/kaban/project_robot_ws_sim/project_robot_ws/sim/install/robot_sim/share/urdf/robot_urdf/build/.built_by
-- Installing: /home/kaban/project_robot_ws_sim/project_robot_ws/sim/install/robot_sim/share/urdf/robot_urdf/build/COLCON_IGNORE
-- Installing: /home/kaban/project_robot_ws_sim/project_robot_ws/sim/install/robot_sim/share/urdf/robot_urdf/config
-- Installing: /home/kaban/project_robot_ws_sim/project_robot_ws/sim/install/robot_sim/share/urdf/robot_urdf/config/joint_names_robot_urdf.yaml
-- Installing: /home/kaban/project_robot_ws_sim/project_robot_ws/sim/install/robot_sim/share/urdf/robot_urdf/CMakeLists.txt
-- Installing: /home/kaban/project_robot_ws_sim/project_robot_ws/sim/install/robot_sim/share/urdf/robot_urdf/install
-- Installing: /home/kaban/project_robot_ws_sim/project_robot_ws/sim/install/robot_sim/share/urdf/robot_urdf/install/local_setup.ps1
-- Installing: /home/kaban/project_robot_ws_sim/project_robot_ws/sim/install/robot_sim/share/urdf/robot_urdf/install/.colcon_install_layout
-- Installing: /home/kaban/project_robot_ws_sim/project_robot_ws/sim/install/robot_sim/share/urdf/robot_urdf/install/_local_setup_util_sh.py
-- Installing: /home/kaban/project_robot_ws_sim/project_robot_ws/sim/install/robot_sim/share/urdf/robot_urdf/install/setup.bash
-- Installing: /home/kaban/project_robot_ws_sim/project_robot_ws/sim/install/robot_sim/share/urdf/robot_urdf/install/robot_urdf
-- Installing: /home/kaban/project_robot_ws_sim/project_robot_ws/sim/install/robot_sim/share/urdf/robot_urdf/install/robot_urdf/share
-- Installing: /home/kaban/project_robot_ws_sim/project_robot_ws/sim/install/robot_sim/share/urdf/robot_urdf/install/robot_urdf/share/robot_urdf
-- Installing: /home/kaban/project_robot_ws_sim/project_robot_ws/sim/install/robot_sim/share/urdf/robot_urdf/install/robot_urdf/share/robot_urdf/package.dsv
-- Installing: /home/kaban/project_robot_ws_sim/project_robot_ws/sim/install/robot_sim/share/urdf/robot_urdf/install/robot_urdf/share/robot_urdf/package.ps1
-- Installing: /home/kaban/project_robot_ws_sim/project_robot_ws/sim/install/robot_sim/share/urdf/robot_urdf/install/robot_urdf/share/robot_urdf/package.zsh
-- Installing: /home/kaban/project_robot_ws_sim/project_robot_ws/sim/install/robot_sim/share/urdf/robot_urdf/install/robot_urdf/share/robot_urdf/package.bash
-- Installing: /home/kaban/project_robot_ws_sim/project_robot_ws/sim/install/robot_sim/share/urdf/robot_urdf/install/robot_urdf/share/robot_urdf/package.sh
-- Installing: /home/kaban/project_robot_ws_sim/project_robot_ws/sim/install/robot_sim/share/urdf/robot_urdf/install/robot_urdf/share/colcon-core
-- Installing: /home/kaban/project_robot_ws_sim/project_robot_ws/sim/install/robot_sim/share/urdf/robot_urdf/install/robot_urdf/share/colcon-core/packages
-- Installing: /home/kaban/project_robot_ws_sim/project_robot_ws/sim/install/robot_sim/share/urdf/robot_urdf/install/robot_urdf/share/colcon-core/packages/robot_urdf
-- Installing: /home/kaban/project_robot_ws_sim/project_robot_ws/sim/install/robot_sim/share/urdf/robot_urdf/install/robot_urdf/.catkin
-- Installing: /home/kaban/project_robot_ws_sim/project_robot_ws/sim/install/robot_sim/share/urdf/robot_urdf/install/COLCON_IGNORE
-- Installing: /home/kaban/project_robot_ws_sim/project_robot_ws/sim/install/robot_sim/share/urdf/robot_urdf/install/local_setup.bash
-- Installing: /home/kaban/project_robot_ws_sim/project_robot_ws/sim/install/robot_sim/share/urdf/robot_urdf/install/setup.ps1
-- Installing: /home/kaban/project_robot_ws_sim/project_robot_ws/sim/install/robot_sim/share/urdf/robot_urdf/install/local_setup.sh
-- Installing: /home/kaban/project_robot_ws_sim/project_robot_ws/sim/install/robot_sim/share/urdf/robot_urdf/install/setup.zsh
-- Installing: /home/kaban/project_robot_ws_sim/project_robot_ws/sim/install/robot_sim/share/urdf/robot_urdf/install/_local_setup_util_ps1.py
-- Installing: /home/kaban/project_robot_ws_sim/project_robot_ws/sim/install/robot_sim/share/urdf/robot_urdf/install/local_setup.zsh
-- Installing: /home/kaban/project_robot_ws_sim/project_robot_ws/sim/install/robot_sim/share/urdf/robot_urdf/install/setup.sh
-- Installing: /home/kaban/project_robot_ws_sim/project_robot_ws/sim/install/robot_sim/share/urdf/robot_urdf/launch
-- Installing: /home/kaban/project_robot_ws_sim/project_robot_ws/sim/install/robot_sim/share/urdf/robot_urdf/launch/gazebo.launch
-- Installing: /home/kaban/project_robot_ws_sim/project_robot_ws/sim/install/robot_sim/share/urdf/robot_urdf/launch/display.launch
-- Installing: /home/kaban/project_robot_ws_sim/project_robot_ws/sim/install/robot_sim/share/urdf/robot_urdf/export.log
-- Installing: /home/kaban/project_robot_ws_sim/project_robot_ws/sim/install/robot_sim/share/urdf/robot_urdf/urdf
-- Installing: /home/kaban/project_robot_ws_sim/project_robot_ws/sim/install/robot_sim/share/urdf/robot_urdf/urdf/robot_urdf.csv
-- Installing: /home/kaban/project_robot_ws_sim/project_robot_ws/sim/install/robot_sim/share/urdf/robot_urdf/urdf/robot_urdf.urdf
-- Installing: /home/kaban/project_robot_ws_sim/project_robot_ws/sim/install/robot_sim/share/urdf/robot_urdf/log
-- Installing: /home/kaban/project_robot_ws_sim/project_robot_ws/sim/install/robot_sim/share/urdf/robot_urdf/log/COLCON_IGNORE
-- Installing: /home/kaban/project_robot_ws_sim/project_robot_ws/sim/install/robot_sim/share/urdf/robot_urdf/log/build_2025-05-05_10-50-29
-- Installing: /home/kaban/project_robot_ws_sim/project_robot_ws/sim/install/robot_sim/share/urdf/robot_urdf/log/build_2025-05-05_10-50-29/robot_urdf
-- Installing: /home/kaban/project_robot_ws_sim/project_robot_ws/sim/install/robot_sim/share/urdf/robot_urdf/log/build_2025-05-05_10-50-29/robot_urdf/stdout_stderr.log
-- Installing: /home/kaban/project_robot_ws_sim/project_robot_ws/sim/install/robot_sim/share/urdf/robot_urdf/log/build_2025-05-05_10-50-29/robot_urdf/stdout.log
-- Installing: /home/kaban/project_robot_ws_sim/project_robot_ws/sim/install/robot_sim/share/urdf/robot_urdf/log/build_2025-05-05_10-50-29/robot_urdf/streams.log
-- Installing: /home/kaban/project_robot_ws_sim/project_robot_ws/sim/install/robot_sim/share/urdf/robot_urdf/log/build_2025-05-05_10-50-29/robot_urdf/command.log
-- Installing: /home/kaban/project_robot_ws_sim/project_robot_ws/sim/install/robot_sim/share/urdf/robot_urdf/log/build_2025-05-05_10-50-29/robot_urdf/stderr.log
-- Installing: /home/kaban/project_robot_ws_sim/project_robot_ws/sim/install/robot_sim/share/urdf/robot_urdf/log/build_2025-05-05_10-50-29/logger_all.log
-- Installing: /home/kaban/project_robot_ws_sim/project_robot_ws/sim/install/robot_sim/share/urdf/robot_urdf/log/build_2025-05-05_10-50-29/events.log
-- Installing: /home/kaban/project_robot_ws_sim/project_robot_ws/sim/install/robot_sim/share/urdf/robot_urdf/textures
-- Installing: /home/kaban/project_robot_ws_sim/project_robot_ws/sim/install/robot_sim/share/urdf/robot_urdf/meshes
-- Installing: /home/kaban/project_robot_ws_sim/project_robot_ws/sim/install/robot_sim/share/urdf/robot_urdf/meshes/link_lidar.STL
-- Installing: /home/kaban/project_robot_ws_sim/project_robot_ws/sim/install/robot_sim/share/urdf/robot_urdf/meshes/link_laser.STL
-- Installing: /home/kaban/project_robot_ws_sim/project_robot_ws/sim/install/robot_sim/share/urdf/robot_urdf/meshes/link_depth_camera.STL
-- Installing: /home/kaban/project_robot_ws_sim/project_robot_ws/sim/install/robot_sim/share/urdf/robot_urdf/meshes/link_wheel_rear_right.STL
-- Installing: /home/kaban/project_robot_ws_sim/project_robot_ws/sim/install/robot_sim/share/urdf/robot_urdf/meshes/link_steering_pinion.STL
-- Installing: /home/kaban/project_robot_ws_sim/project_robot_ws/sim/install/robot_sim/share/urdf/robot_urdf/meshes/link_wheel_rear_left.STL
-- Installing: /home/kaban/project_robot_ws_sim/project_robot_ws/sim/install/robot_sim/share/urdf/robot_urdf/meshes/link_steering_rack.STL
-- Installing: /home/kaban/project_robot_ws_sim/project_robot_ws/sim/install/robot_sim/share/urdf/robot_urdf/meshes/base_link.STL
-- Installing: /home/kaban/project_robot_ws_sim/project_robot_ws/sim/install/robot_sim/share/urdf/robot_urdf/meshes/link_steering_rods.STL
-- Installing: /home/kaban/project_robot_ws_sim/project_robot_ws/sim/install/robot_sim/share/urdf/robot_urdf/package.xml
-- Installing: /home/kaban/project_robot_ws_sim/project_robot_ws/sim/install/robot_sim/share/urdf/lidar.xacro
-- Installing: /home/kaban/project_robot_ws_sim/project_robot_ws/sim/install/robot_sim/share/urdf/test_tricycle_drive.xacro.urdf
-- Installing: /home/kaban/project_robot_ws_sim/project_robot_ws/sim/install/robot_sim/share/urdf/inertial_macros.xacro
-- Installing: /home/kaban/project_robot_ws_sim/project_robot_ws/sim/install/robot_sim/share/urdf/meshes
-- Installing: /home/kaban/project_robot_ws_sim/project_robot_ws/sim/install/robot_sim/share/urdf/meshes/link_lidar.STL
-- Installing: /home/kaban/project_robot_ws_sim/project_robot_ws/sim/install/robot_sim/share/urdf/meshes/link_laser.STL
-- Installing: /home/kaban/project_robot_ws_sim/project_robot_ws/sim/install/robot_sim/share/urdf/meshes/link_depth_camera.STL
-- Installing: /home/kaban/project_robot_ws_sim/project_robot_ws/sim/install/robot_sim/share/urdf/meshes/link_wheel_rear_right.STL
-- Installing: /home/kaban/project_robot_ws_sim/project_robot_ws/sim/install/robot_sim/share/urdf/meshes/link_steering_pinion.STL
-- Installing: /home/kaban/project_robot_ws_sim/project_robot_ws/sim/install/robot_sim/share/urdf/meshes/link_wheel_rear_left.STL
-- Installing: /home/kaban/project_robot_ws_sim/project_robot_ws/sim/install/robot_sim/share/urdf/meshes/link_steering_rack.STL
-- Installing: /home/kaban/project_robot_ws_sim/project_robot_ws/sim/install/robot_sim/share/urdf/meshes/base_link.STL
-- Installing: /home/kaban/project_robot_ws_sim/project_robot_ws/sim/install/robot_sim/share/urdf/meshes/link_steering_rods.STL
-- Installing: /home/kaban/project_robot_ws_sim/project_robot_ws/sim/install/robot_sim/lib/robot_sim/example_tricycle_drive
-- Set non-toolchain portion of runtime path of "/home/kaban/project_robot_ws_sim/project_robot_ws/sim/install/robot_sim/lib/robot_sim/example_tricycle_drive" to ""
-- Installing: /home/kaban/project_robot_ws_sim/project_robot_ws/sim/install/robot_sim/share/robot_sim/environment/sim.dsv
-- Installing: /home/kaban/project_robot_ws_sim/project_robot_ws/sim/install/robot_sim/share/robot_sim/environment/sim.sh
-- Installing: /home/kaban/project_robot_ws_sim/project_robot_ws/sim/install/robot_sim/share/ament_index/resource_index/package_run_dependencies/robot_sim
-- Installing: /home/kaban/project_robot_ws_sim/project_robot_ws/sim/install/robot_sim/share/ament_index/resource_index/parent_prefix_path/robot_sim
-- Installing: /home/kaban/project_robot_ws_sim/project_robot_ws/sim/install/robot_sim/share/robot_sim/environment/ament_prefix_path.sh
-- Installing: /home/kaban/project_robot_ws_sim/project_robot_ws/sim/install/robot_sim/share/robot_sim/environment/ament_prefix_path.dsv
-- Installing: /home/kaban/project_robot_ws_sim/project_robot_ws/sim/install/robot_sim/share/robot_sim/environment/path.sh
-- Installing: /home/kaban/project_robot_ws_sim/project_robot_ws/sim/install/robot_sim/share/robot_sim/environment/path.dsv
-- Installing: /home/kaban/project_robot_ws_sim/project_robot_ws/sim/install/robot_sim/share/robot_sim/local_setup.bash
-- Installing: /home/kaban/project_robot_ws_sim/project_robot_ws/sim/install/robot_sim/share/robot_sim/local_setup.sh
-- Installing: /home/kaban/project_robot_ws_sim/project_robot_ws/sim/install/robot_sim/share/robot_sim/local_setup.zsh
-- Installing: /home/kaban/project_robot_ws_sim/project_robot_ws/sim/install/robot_sim/share/robot_sim/local_setup.dsv
-- Installing: /home/kaban/project_robot_ws_sim/project_robot_ws/sim/install/robot_sim/share/robot_sim/package.dsv
-- Installing: /home/kaban/project_robot_ws_sim/project_robot_ws/sim/install/robot_sim/share/ament_index/resource_index/packages/robot_sim
-- Installing: /home/kaban/project_robot_ws_sim/project_robot_ws/sim/install/robot_sim/share/robot_sim/cmake/robot_simConfig.cmake
-- Installing: /home/kaban/project_robot_ws_sim/project_robot_ws/sim/install/robot_sim/share/robot_sim/cmake/robot_simConfig-version.cmake
-- Installing: /home/kaban/project_robot_ws_sim/project_robot_ws/sim/install/robot_sim/share/robot_sim/package.xml
