[0.217s] DEBUG:colcon:Command line arguments: ['/usr/bin/colcon', 'build']
[0.217s] DEBUG:colcon:Parsed command line arguments: Namespace(log_base=None, log_level=None, verb_name='build', build_base='build', install_base='install', merge_install=False, symlink_install=False, test_result_base=None, continue_on_error=False, executor='parallel', parallel_workers=24, event_handlers=None, ignore_user_meta=False, metas=['./colcon.meta'], base_paths=['.'], packages_ignore=None, packages_ignore_regex=None, paths=None, packages_up_to=None, packages_up_to_regex=None, packages_above=None, packages_above_and_dependencies=None, packages_above_depth=None, packages_select_by_dep=None, packages_skip_by_dep=None, packages_skip_up_to=None, packages_select_build_failed=False, packages_skip_build_finished=False, packages_select_test_failures=False, packages_skip_test_passed=False, packages_select=None, packages_skip=None, packages_select_regex=None, packages_skip_regex=None, packages_start=None, packages_end=None, allow_overriding=[], cmake_args=None, cmake_target=None, cmake_target_skip_unavailable=False, cmake_clean_cache=False, cmake_clean_first=False, cmake_force_configure=False, ament_cmake_args=None, catkin_cmake_args=None, catkin_skip_building_tests=False, mixin_files=None, mixin=None, verb_parser=<colcon_mixin.mixin.mixin_argument.MixinArgumentDecorator object at 0x7027981a4da0>, verb_extension=<colcon_core.verb.build.BuildVerb object at 0x7027981a4a40>, main=<bound method BuildVerb.main of <colcon_core.verb.build.BuildVerb object at 0x7027981a4a40>>, mixin_verb=('build',))
[0.260s] Level 1:colcon.colcon_core.package_discovery:discover_packages(colcon_meta) check parameters
[0.260s] Level 1:colcon.colcon_core.package_discovery:discover_packages(recursive) check parameters
[0.260s] Level 1:colcon.colcon_core.package_discovery:discover_packages(ignore) check parameters
[0.260s] Level 1:colcon.colcon_core.package_discovery:discover_packages(path) check parameters
[0.260s] Level 1:colcon.colcon_core.package_discovery:discover_packages(colcon_meta) discover
[0.260s] Level 1:colcon.colcon_core.package_discovery:discover_packages(recursive) discover
[0.260s] INFO:colcon.colcon_core.package_discovery:Crawling recursively for packages in '/home/kaban/project_robot_ws_sim/project_robot_ws/sim'
[0.260s] Level 1:colcon.colcon_core.package_identification:_identify(.) by extensions ['ignore', 'ignore_ament_install']
[0.261s] Level 1:colcon.colcon_core.package_identification:_identify(.) by extension 'ignore'
[0.261s] Level 1:colcon.colcon_core.package_identification:_identify(.) by extension 'ignore_ament_install'
[0.261s] Level 1:colcon.colcon_core.package_identification:_identify(.) by extensions ['colcon_pkg']
[0.261s] Level 1:colcon.colcon_core.package_identification:_identify(.) by extension 'colcon_pkg'
[0.261s] Level 1:colcon.colcon_core.package_identification:_identify(.) by extensions ['colcon_meta']
[0.261s] Level 1:colcon.colcon_core.package_identification:_identify(.) by extension 'colcon_meta'
[0.261s] Level 1:colcon.colcon_core.package_identification:_identify(.) by extensions ['ros']
[0.261s] Level 1:colcon.colcon_core.package_identification:_identify(.) by extension 'ros'
[0.282s] DEBUG:colcon.colcon_core.package_identification:Package '.' with type 'ros.ament_cmake' and name 'robot_sim'
[0.282s] Level 1:colcon.colcon_core.package_discovery:discover_packages(recursive) using defaults
[0.282s] Level 1:colcon.colcon_core.package_discovery:discover_packages(ignore) discover
[0.282s] Level 1:colcon.colcon_core.package_discovery:discover_packages(ignore) using defaults
[0.282s] Level 1:colcon.colcon_core.package_discovery:discover_packages(path) discover
[0.282s] Level 1:colcon.colcon_core.package_discovery:discover_packages(path) using defaults
[0.303s] Level 1:colcon.colcon_core.package_discovery:discover_packages(prefix_path) check parameters
[0.303s] Level 1:colcon.colcon_core.package_discovery:discover_packages(prefix_path) discover
[0.306s] DEBUG:colcon.colcon_installed_package_information.package_discovery:Found 1 installed packages in /home/kaban/project_robot_ws_sim/project_robot_ws/install
[0.308s] DEBUG:colcon.colcon_installed_package_information.package_discovery:Found 430 installed packages in /opt/ros/jazzy
[0.309s] Level 1:colcon.colcon_core.package_discovery:discover_packages(prefix_path) using defaults
[0.347s] Level 5:colcon.colcon_core.verb:set package 'robot_sim' build argument 'cmake_args' from command line to 'None'
[0.348s] Level 5:colcon.colcon_core.verb:set package 'robot_sim' build argument 'cmake_target' from command line to 'None'
[0.348s] Level 5:colcon.colcon_core.verb:set package 'robot_sim' build argument 'cmake_target_skip_unavailable' from command line to 'False'
[0.348s] Level 5:colcon.colcon_core.verb:set package 'robot_sim' build argument 'cmake_clean_cache' from command line to 'False'
[0.348s] Level 5:colcon.colcon_core.verb:set package 'robot_sim' build argument 'cmake_clean_first' from command line to 'False'
[0.348s] Level 5:colcon.colcon_core.verb:set package 'robot_sim' build argument 'cmake_force_configure' from command line to 'False'
[0.348s] Level 5:colcon.colcon_core.verb:set package 'robot_sim' build argument 'ament_cmake_args' from command line to 'None'
[0.348s] Level 5:colcon.colcon_core.verb:set package 'robot_sim' build argument 'catkin_cmake_args' from command line to 'None'
[0.348s] Level 5:colcon.colcon_core.verb:set package 'robot_sim' build argument 'catkin_skip_building_tests' from command line to 'False'
[0.348s] DEBUG:colcon.colcon_core.verb:Building package 'robot_sim' with the following arguments: {'ament_cmake_args': None, 'build_base': '/home/kaban/project_robot_ws_sim/project_robot_ws/sim/build/robot_sim', 'catkin_cmake_args': None, 'catkin_skip_building_tests': False, 'cmake_args': None, 'cmake_clean_cache': False, 'cmake_clean_first': False, 'cmake_force_configure': False, 'cmake_target': None, 'cmake_target_skip_unavailable': False, 'install_base': '/home/kaban/project_robot_ws_sim/project_robot_ws/sim/install/robot_sim', 'merge_install': False, 'path': '/home/kaban/project_robot_ws_sim/project_robot_ws/sim', 'symlink_install': False, 'test_result_base': None}
[0.348s] INFO:colcon.colcon_core.executor:Executing jobs using 'parallel' executor
[0.349s] DEBUG:colcon.colcon_parallel_executor.executor.parallel:run_until_complete
[0.349s] INFO:colcon.colcon_ros.task.ament_cmake.build:Building ROS package in '/home/kaban/project_robot_ws_sim/project_robot_ws/sim' with build type 'ament_cmake'
[0.349s] INFO:colcon.colcon_cmake.task.cmake.build:Building CMake package in '/home/kaban/project_robot_ws_sim/project_robot_ws/sim'
[0.354s] INFO:colcon.colcon_core.plugin_system:Skipping extension 'colcon_core.shell.bat': Not used on non-Windows systems
[0.354s] INFO:colcon.colcon_core.shell:Skip shell extension 'powershell' for command environment: Not usable outside of PowerShell
[0.354s] DEBUG:colcon.colcon_core.shell:Skip shell extension 'dsv' for command environment
[0.364s] DEBUG:colcon.colcon_core.event_handler.log_command:Invoking command in '/home/kaban/project_robot_ws_sim/project_robot_ws/sim/build/robot_sim': CMAKE_PREFIX_PATH=${CMAKE_PREFIX_PATH}:/opt/ros/jazzy DEBUGINFOD_URLS=https://debuginfod.ubuntu.com /usr/bin/cmake /home/kaban/project_robot_ws_sim/project_robot_ws/sim -DCMAKE_INSTALL_PREFIX=/home/kaban/project_robot_ws_sim/project_robot_ws/sim/install/robot_sim
[1.832s] DEBUG:colcon.colcon_core.event_handler.log_command:Invoked command in '/home/kaban/project_robot_ws_sim/project_robot_ws/sim/build/robot_sim' returned '0': CMAKE_PREFIX_PATH=${CMAKE_PREFIX_PATH}:/opt/ros/jazzy DEBUGINFOD_URLS=https://debuginfod.ubuntu.com /usr/bin/cmake /home/kaban/project_robot_ws_sim/project_robot_ws/sim -DCMAKE_INSTALL_PREFIX=/home/kaban/project_robot_ws_sim/project_robot_ws/sim/install/robot_sim
[1.833s] DEBUG:colcon.colcon_core.event_handler.log_command:Invoking command in '/home/kaban/project_robot_ws_sim/project_robot_ws/sim/build/robot_sim': CMAKE_PREFIX_PATH=${CMAKE_PREFIX_PATH}:/opt/ros/jazzy DEBUGINFOD_URLS=https://debuginfod.ubuntu.com /usr/bin/cmake --build /home/kaban/project_robot_ws_sim/project_robot_ws/sim/build/robot_sim -- -j24 -l24
[4.646s] DEBUG:colcon.colcon_core.event_handler.log_command:Invoked command in '/home/kaban/project_robot_ws_sim/project_robot_ws/sim/build/robot_sim' returned '0': CMAKE_PREFIX_PATH=${CMAKE_PREFIX_PATH}:/opt/ros/jazzy DEBUGINFOD_URLS=https://debuginfod.ubuntu.com /usr/bin/cmake --build /home/kaban/project_robot_ws_sim/project_robot_ws/sim/build/robot_sim -- -j24 -l24
[4.657s] DEBUG:colcon.colcon_core.event_handler.log_command:Invoking command in '/home/kaban/project_robot_ws_sim/project_robot_ws/sim/build/robot_sim': CMAKE_PREFIX_PATH=${CMAKE_PREFIX_PATH}:/opt/ros/jazzy DEBUGINFOD_URLS=https://debuginfod.ubuntu.com /usr/bin/cmake --install /home/kaban/project_robot_ws_sim/project_robot_ws/sim/build/robot_sim
[4.821s] Level 1:colcon.colcon_core.environment:create_environment_scripts_only(robot_sim)
[4.822s] DEBUG:colcon.colcon_core.event_handler.log_command:Invoked command in '/home/kaban/project_robot_ws_sim/project_robot_ws/sim/build/robot_sim' returned '0': CMAKE_PREFIX_PATH=${CMAKE_PREFIX_PATH}:/opt/ros/jazzy DEBUGINFOD_URLS=https://debuginfod.ubuntu.com /usr/bin/cmake --install /home/kaban/project_robot_ws_sim/project_robot_ws/sim/build/robot_sim
[4.826s] Level 1:colcon.colcon_core.environment:checking '/home/kaban/project_robot_ws_sim/project_robot_ws/sim/install/robot_sim' for CMake module files
[4.827s] Level 1:colcon.colcon_core.environment:checking '/home/kaban/project_robot_ws_sim/project_robot_ws/sim/install/robot_sim' for CMake config files
[4.827s] Level 1:colcon.colcon_core.shell:create_environment_hook('robot_sim', 'cmake_prefix_path')
[4.827s] INFO:colcon.colcon_core.shell:Creating environment hook '/home/kaban/project_robot_ws_sim/project_robot_ws/sim/install/robot_sim/share/robot_sim/hook/cmake_prefix_path.ps1'
[4.827s] INFO:colcon.colcon_core.shell:Creating environment descriptor '/home/kaban/project_robot_ws_sim/project_robot_ws/sim/install/robot_sim/share/robot_sim/hook/cmake_prefix_path.dsv'
[4.828s] INFO:colcon.colcon_core.shell:Creating environment hook '/home/kaban/project_robot_ws_sim/project_robot_ws/sim/install/robot_sim/share/robot_sim/hook/cmake_prefix_path.sh'
[4.828s] Level 1:colcon.colcon_core.environment:checking '/home/kaban/project_robot_ws_sim/project_robot_ws/sim/install/robot_sim/lib'
[4.829s] Level 1:colcon.colcon_core.environment:checking '/home/kaban/project_robot_ws_sim/project_robot_ws/sim/install/robot_sim/bin'
[4.829s] Level 1:colcon.colcon_core.environment:checking '/home/kaban/project_robot_ws_sim/project_robot_ws/sim/install/robot_sim/lib/pkgconfig/robot_sim.pc'
[4.829s] Level 1:colcon.colcon_core.environment:checking '/home/kaban/project_robot_ws_sim/project_robot_ws/sim/install/robot_sim/lib/python3.12/site-packages'
[4.829s] Level 1:colcon.colcon_core.environment:checking '/home/kaban/project_robot_ws_sim/project_robot_ws/sim/install/robot_sim/bin'
[4.829s] INFO:colcon.colcon_core.shell:Creating package script '/home/kaban/project_robot_ws_sim/project_robot_ws/sim/install/robot_sim/share/robot_sim/package.ps1'
[4.829s] INFO:colcon.colcon_core.shell:Creating package descriptor '/home/kaban/project_robot_ws_sim/project_robot_ws/sim/install/robot_sim/share/robot_sim/package.dsv'
[4.831s] INFO:colcon.colcon_core.shell:Creating package script '/home/kaban/project_robot_ws_sim/project_robot_ws/sim/install/robot_sim/share/robot_sim/package.sh'
[4.832s] INFO:colcon.colcon_core.shell:Creating package script '/home/kaban/project_robot_ws_sim/project_robot_ws/sim/install/robot_sim/share/robot_sim/package.bash'
[4.832s] INFO:colcon.colcon_core.shell:Creating package script '/home/kaban/project_robot_ws_sim/project_robot_ws/sim/install/robot_sim/share/robot_sim/package.zsh'
[4.833s] Level 1:colcon.colcon_core.environment:create_file_with_runtime_dependencies(/home/kaban/project_robot_ws_sim/project_robot_ws/sim/install/robot_sim/share/colcon-core/packages/robot_sim)
[4.833s] Level 1:colcon.colcon_core.environment:create_environment_scripts_only(robot_sim)
[4.833s] Level 1:colcon.colcon_core.environment:checking '/home/kaban/project_robot_ws_sim/project_robot_ws/sim/install/robot_sim' for CMake module files
[4.834s] Level 1:colcon.colcon_core.environment:checking '/home/kaban/project_robot_ws_sim/project_robot_ws/sim/install/robot_sim' for CMake config files
[4.834s] Level 1:colcon.colcon_core.shell:create_environment_hook('robot_sim', 'cmake_prefix_path')
[4.834s] INFO:colcon.colcon_core.shell:Creating environment hook '/home/kaban/project_robot_ws_sim/project_robot_ws/sim/install/robot_sim/share/robot_sim/hook/cmake_prefix_path.ps1'
[4.834s] INFO:colcon.colcon_core.shell:Creating environment descriptor '/home/kaban/project_robot_ws_sim/project_robot_ws/sim/install/robot_sim/share/robot_sim/hook/cmake_prefix_path.dsv'
[4.834s] INFO:colcon.colcon_core.shell:Creating environment hook '/home/kaban/project_robot_ws_sim/project_robot_ws/sim/install/robot_sim/share/robot_sim/hook/cmake_prefix_path.sh'
[4.835s] Level 1:colcon.colcon_core.environment:checking '/home/kaban/project_robot_ws_sim/project_robot_ws/sim/install/robot_sim/lib'
[4.835s] Level 1:colcon.colcon_core.environment:checking '/home/kaban/project_robot_ws_sim/project_robot_ws/sim/install/robot_sim/bin'
[4.835s] Level 1:colcon.colcon_core.environment:checking '/home/kaban/project_robot_ws_sim/project_robot_ws/sim/install/robot_sim/lib/pkgconfig/robot_sim.pc'
[4.835s] Level 1:colcon.colcon_core.environment:checking '/home/kaban/project_robot_ws_sim/project_robot_ws/sim/install/robot_sim/lib/python3.12/site-packages'
[4.835s] Level 1:colcon.colcon_core.environment:checking '/home/kaban/project_robot_ws_sim/project_robot_ws/sim/install/robot_sim/bin'
[4.835s] INFO:colcon.colcon_core.shell:Creating package script '/home/kaban/project_robot_ws_sim/project_robot_ws/sim/install/robot_sim/share/robot_sim/package.ps1'
[4.835s] INFO:colcon.colcon_core.shell:Creating package descriptor '/home/kaban/project_robot_ws_sim/project_robot_ws/sim/install/robot_sim/share/robot_sim/package.dsv'
[4.835s] INFO:colcon.colcon_core.shell:Creating package script '/home/kaban/project_robot_ws_sim/project_robot_ws/sim/install/robot_sim/share/robot_sim/package.sh'
[4.836s] INFO:colcon.colcon_core.shell:Creating package script '/home/kaban/project_robot_ws_sim/project_robot_ws/sim/install/robot_sim/share/robot_sim/package.bash'
[4.836s] INFO:colcon.colcon_core.shell:Creating package script '/home/kaban/project_robot_ws_sim/project_robot_ws/sim/install/robot_sim/share/robot_sim/package.zsh'
[4.836s] Level 1:colcon.colcon_core.environment:create_file_with_runtime_dependencies(/home/kaban/project_robot_ws_sim/project_robot_ws/sim/install/robot_sim/share/colcon-core/packages/robot_sim)
[4.836s] DEBUG:colcon.colcon_parallel_executor.executor.parallel:closing loop
[4.836s] DEBUG:colcon.colcon_parallel_executor.executor.parallel:loop closed
[4.836s] DEBUG:colcon.colcon_parallel_executor.executor.parallel:run_until_complete finished with '0'
[4.836s] DEBUG:colcon.colcon_core.event_reactor:joining thread
[4.842s] INFO:colcon.colcon_core.plugin_system:Skipping extension 'colcon_notification.desktop_notification.terminal_notifier': Not used on non-Darwin systems
[4.842s] INFO:colcon.colcon_core.plugin_system:Skipping extension 'colcon_notification.desktop_notification.win32': Not used on non-Windows systems
[4.842s] INFO:colcon.colcon_notification.desktop_notification:Sending desktop notification using 'notify2'
[4.855s] DEBUG:colcon.colcon_core.event_reactor:joined thread
[4.855s] INFO:colcon.colcon_core.shell:Creating prefix script '/home/kaban/project_robot_ws_sim/project_robot_ws/sim/install/local_setup.ps1'
[4.857s] INFO:colcon.colcon_core.shell:Creating prefix util module '/home/kaban/project_robot_ws_sim/project_robot_ws/sim/install/_local_setup_util_ps1.py'
[4.858s] INFO:colcon.colcon_core.shell:Creating prefix chain script '/home/kaban/project_robot_ws_sim/project_robot_ws/sim/install/setup.ps1'
[4.858s] INFO:colcon.colcon_core.shell:Creating prefix script '/home/kaban/project_robot_ws_sim/project_robot_ws/sim/install/local_setup.sh'
[4.859s] INFO:colcon.colcon_core.shell:Creating prefix util module '/home/kaban/project_robot_ws_sim/project_robot_ws/sim/install/_local_setup_util_sh.py'
[4.859s] INFO:colcon.colcon_core.shell:Creating prefix chain script '/home/kaban/project_robot_ws_sim/project_robot_ws/sim/install/setup.sh'
[4.860s] INFO:colcon.colcon_core.shell:Creating prefix script '/home/kaban/project_robot_ws_sim/project_robot_ws/sim/install/local_setup.bash'
[4.860s] INFO:colcon.colcon_core.shell:Creating prefix chain script '/home/kaban/project_robot_ws_sim/project_robot_ws/sim/install/setup.bash'
[4.860s] INFO:colcon.colcon_core.shell:Creating prefix script '/home/kaban/project_robot_ws_sim/project_robot_ws/sim/install/local_setup.zsh'
[4.861s] INFO:colcon.colcon_core.shell:Creating prefix chain script '/home/kaban/project_robot_ws_sim/project_robot_ws/sim/install/setup.zsh'
