[100%] Built target example_tricycle_drive
-- Install configuration: ""
-- Up-to-date: /home/kaban/project_robot_ws_sim/project_robot_ws/sim/install/robot_sim/share/robot_sim//launch
-- Up-to-date: /home/kaban/project_robot_ws_sim/project_robot_ws/sim/install/robot_sim/share/robot_sim//launch/bicycle_drive.launch .py
-- Up-to-date: /home/kaban/project_robot_ws_sim/project_robot_ws/sim/install/robot_sim/share/robot_sim//launch/p.py
-- Up-to-date: /home/kaban/project_robot_ws_sim/project_robot_ws/sim/install/robot_sim/share/robot_sim//launch/sim.launch.py
-- Up-to-date: /home/kaban/project_robot_ws_sim/project_robot_ws/sim/install/robot_sim/share/robot_sim//launch
-- Up-to-date: /home/kaban/project_robot_ws_sim/project_robot_ws/sim/install/robot_sim/share/robot_sim//launch/__pycache__
-- Up-to-date: /home/kaban/project_robot_ws_sim/project_robot_ws/sim/install/robot_sim/share/robot_sim//launch/__pycache__/online_async_launch.cpython-310.pyc
-- Up-to-date: /home/kaban/project_robot_ws_sim/project_robot_ws/sim/install/robot_sim/share/robot_sim//launch/base_link_launch.py
-- Up-to-date: /home/kaban/project_robot_ws_sim/project_robot_ws/sim/install/robot_sim/share/robot_sim//launch/online_async_launch.py
-- Up-to-date: /home/kaban/project_robot_ws_sim/project_robot_ws/sim/install/robot_sim/share/robot_sim//launch/navigation_launch.py
-- Up-to-date: /home/kaban/project_robot_ws_sim/project_robot_ws/sim/install/robot_sim/share/robot_sim//config
-- Up-to-date: /home/kaban/project_robot_ws_sim/project_robot_ws/sim/install/robot_sim/share/robot_sim//config/nav2_params_rpp.yaml
-- Up-to-date: /home/kaban/project_robot_ws_sim/project_robot_ws/sim/install/robot_sim/share/robot_sim//config/mapper_params_online_async.yaml
-- Up-to-date: /home/kaban/project_robot_ws_sim/project_robot_ws/sim/install/robot_sim/share/robot_sim//config/bicycle_drive_controller.yaml
-- Up-to-date: /home/kaban/project_robot_ws_sim/project_robot_ws/sim/install/robot_sim/share/robot_sim//config/obstacles.world
-- Up-to-date: /home/kaban/project_robot_ws_sim/project_robot_ws/sim/install/robot_sim/share/robot_sim//config/tricycle_drive_controller.yaml
-- Up-to-date: /home/kaban/project_robot_ws_sim/project_robot_ws/sim/install/robot_sim/share/robot_sim//config/gz_bridge.yaml
-- Up-to-date: /home/kaban/project_robot_ws_sim/project_robot_ws/sim/install/robot_sim/share/robot_sim//config/twist_mux.yaml
-- Up-to-date: /home/kaban/project_robot_ws_sim/project_robot_ws/sim/install/robot_sim/share/robot_sim//config/nav2_params_vp.yaml
-- Up-to-date: /home/kaban/project_robot_ws_sim/project_robot_ws/sim/install/robot_sim/share/robot_sim//config/config.rviz
-- Up-to-date: /home/kaban/project_robot_ws_sim/project_robot_ws/sim/install/robot_sim/share/robot_sim//config/slam_test.world
-- Up-to-date: /home/kaban/project_robot_ws_sim/project_robot_ws/sim/install/robot_sim/share/robot_sim//config/nav2_params.yaml
-- Up-to-date: /home/kaban/project_robot_ws_sim/project_robot_ws/sim/install/robot_sim/share/robot_sim//config/cave.sdf
-- Up-to-date: /home/kaban/project_robot_ws_sim/project_robot_ws/sim/install/robot_sim/share/robot_sim//urdf
-- Up-to-date: /home/kaban/project_robot_ws_sim/project_robot_ws/sim/install/robot_sim/share/robot_sim//urdf/full_robot.xacro.urdf
-- Up-to-date: /home/kaban/project_robot_ws_sim/project_robot_ws/sim/install/robot_sim/share/robot_sim//urdf/robot_urdf
-- Up-to-date: /home/kaban/project_robot_ws_sim/project_robot_ws/sim/install/robot_sim/share/robot_sim//urdf/robot_urdf/build
-- Up-to-date: /home/kaban/project_robot_ws_sim/project_robot_ws/sim/install/robot_sim/share/robot_sim//urdf/robot_urdf/build/robot_urdf
-- Up-to-date: /home/kaban/project_robot_ws_sim/project_robot_ws/sim/install/robot_sim/share/robot_sim//urdf/robot_urdf/build/robot_urdf/cmake_args.last
-- Up-to-date: /home/kaban/project_robot_ws_sim/project_robot_ws/sim/install/robot_sim/share/robot_sim//urdf/robot_urdf/build/robot_urdf/colcon_command_prefix_build.sh.env
-- Up-to-date: /home/kaban/project_robot_ws_sim/project_robot_ws/sim/install/robot_sim/share/robot_sim//urdf/robot_urdf/build/robot_urdf/colcon_build.rc
-- Up-to-date: /home/kaban/project_robot_ws_sim/project_robot_ws/sim/install/robot_sim/share/robot_sim//urdf/robot_urdf/build/robot_urdf/CMakeCache.txt
-- Up-to-date: /home/kaban/project_robot_ws_sim/project_robot_ws/sim/install/robot_sim/share/robot_sim//urdf/robot_urdf/build/robot_urdf/colcon_command_prefix_build.sh
-- Up-to-date: /home/kaban/project_robot_ws_sim/project_robot_ws/sim/install/robot_sim/share/robot_sim//urdf/robot_urdf/build/robot_urdf/.cmake
-- Up-to-date: /home/kaban/project_robot_ws_sim/project_robot_ws/sim/install/robot_sim/share/robot_sim//urdf/robot_urdf/build/robot_urdf/.cmake/api
-- Up-to-date: /home/kaban/project_robot_ws_sim/project_robot_ws/sim/install/robot_sim/share/robot_sim//urdf/robot_urdf/build/robot_urdf/.cmake/api/v1
-- Up-to-date: /home/kaban/project_robot_ws_sim/project_robot_ws/sim/install/robot_sim/share/robot_sim//urdf/robot_urdf/build/robot_urdf/.cmake/api/v1/query
-- Up-to-date: /home/kaban/project_robot_ws_sim/project_robot_ws/sim/install/robot_sim/share/robot_sim//urdf/robot_urdf/build/robot_urdf/.cmake/api/v1/query/client-colcon-cmake
-- Up-to-date: /home/kaban/project_robot_ws_sim/project_robot_ws/sim/install/robot_sim/share/robot_sim//urdf/robot_urdf/build/robot_urdf/.cmake/api/v1/query/client-colcon-cmake/codemodel-v2
-- Up-to-date: /home/kaban/project_robot_ws_sim/project_robot_ws/sim/install/robot_sim/share/robot_sim//urdf/robot_urdf/build/robot_urdf/CMakeFiles
-- Up-to-date: /home/kaban/project_robot_ws_sim/project_robot_ws/sim/install/robot_sim/share/robot_sim//urdf/robot_urdf/build/robot_urdf/CMakeFiles/CMakeTmp
-- Up-to-date: /home/kaban/project_robot_ws_sim/project_robot_ws/sim/install/robot_sim/share/robot_sim//urdf/robot_urdf/build/robot_urdf/CMakeFiles/CMakeOutput.log
-- Up-to-date: /home/kaban/project_robot_ws_sim/project_robot_ws/sim/install/robot_sim/share/robot_sim//urdf/robot_urdf/build/robot_urdf/CMakeFiles/cmake.check_cache
-- Up-to-date: /home/kaban/project_robot_ws_sim/project_robot_ws/sim/install/robot_sim/share/robot_sim//urdf/robot_urdf/build/robot_urdf/CMakeFiles/3.22.1
-- Up-to-date: /home/kaban/project_robot_ws_sim/project_robot_ws/sim/install/robot_sim/share/robot_sim//urdf/robot_urdf/build/robot_urdf/CMakeFiles/3.22.1/CMakeDetermineCompilerABI_CXX.bin
-- Up-to-date: /home/kaban/project_robot_ws_sim/project_robot_ws/sim/install/robot_sim/share/robot_sim//urdf/robot_urdf/build/robot_urdf/CMakeFiles/3.22.1/CMakeCCompiler.cmake
-- Up-to-date: /home/kaban/project_robot_ws_sim/project_robot_ws/sim/install/robot_sim/share/robot_sim//urdf/robot_urdf/build/robot_urdf/CMakeFiles/3.22.1/CompilerIdC
-- Up-to-date: /home/kaban/project_robot_ws_sim/project_robot_ws/sim/install/robot_sim/share/robot_sim//urdf/robot_urdf/build/robot_urdf/CMakeFiles/3.22.1/CompilerIdC/a.out
-- Up-to-date: /home/kaban/project_robot_ws_sim/project_robot_ws/sim/install/robot_sim/share/robot_sim//urdf/robot_urdf/build/robot_urdf/CMakeFiles/3.22.1/CompilerIdC/CMakeCCompilerId.c
-- Up-to-date: /home/kaban/project_robot_ws_sim/project_robot_ws/sim/install/robot_sim/share/robot_sim//urdf/robot_urdf/build/robot_urdf/CMakeFiles/3.22.1/CompilerIdC/tmp
-- Up-to-date: /home/kaban/project_robot_ws_sim/project_robot_ws/sim/install/robot_sim/share/robot_sim//urdf/robot_urdf/build/robot_urdf/CMakeFiles/3.22.1/CMakeSystem.cmake
-- Up-to-date: /home/kaban/project_robot_ws_sim/project_robot_ws/sim/install/robot_sim/share/robot_sim//urdf/robot_urdf/build/robot_urdf/CMakeFiles/3.22.1/CMakeCXXCompiler.cmake
-- Up-to-date: /home/kaban/project_robot_ws_sim/project_robot_ws/sim/install/robot_sim/share/robot_sim//urdf/robot_urdf/build/robot_urdf/CMakeFiles/3.22.1/CompilerIdCXX
-- Up-to-date: /home/kaban/project_robot_ws_sim/project_robot_ws/sim/install/robot_sim/share/robot_sim//urdf/robot_urdf/build/robot_urdf/CMakeFiles/3.22.1/CompilerIdCXX/a.out
-- Up-to-date: /home/kaban/project_robot_ws_sim/project_robot_ws/sim/install/robot_sim/share/robot_sim//urdf/robot_urdf/build/robot_urdf/CMakeFiles/3.22.1/CompilerIdCXX/CMakeCXXCompilerId.cpp
-- Up-to-date: /home/kaban/project_robot_ws_sim/project_robot_ws/sim/install/robot_sim/share/robot_sim//urdf/robot_urdf/build/robot_urdf/CMakeFiles/3.22.1/CompilerIdCXX/tmp
-- Up-to-date: /home/kaban/project_robot_ws_sim/project_robot_ws/sim/install/robot_sim/share/robot_sim//urdf/robot_urdf/build/robot_urdf/CMakeFiles/3.22.1/CMakeDetermineCompilerABI_C.bin
-- Up-to-date: /home/kaban/project_robot_ws_sim/project_robot_ws/sim/install/robot_sim/share/robot_sim//urdf/robot_urdf/build/.built_by
-- Up-to-date: /home/kaban/project_robot_ws_sim/project_robot_ws/sim/install/robot_sim/share/robot_sim//urdf/robot_urdf/build/COLCON_IGNORE
-- Up-to-date: /home/kaban/project_robot_ws_sim/project_robot_ws/sim/install/robot_sim/share/robot_sim//urdf/robot_urdf/config
-- Up-to-date: /home/kaban/project_robot_ws_sim/project_robot_ws/sim/install/robot_sim/share/robot_sim//urdf/robot_urdf/config/joint_names_robot_urdf.yaml
-- Up-to-date: /home/kaban/project_robot_ws_sim/project_robot_ws/sim/install/robot_sim/share/robot_sim//urdf/robot_urdf/CMakeLists.txt
-- Up-to-date: /home/kaban/project_robot_ws_sim/project_robot_ws/sim/install/robot_sim/share/robot_sim//urdf/robot_urdf/install
-- Up-to-date: /home/kaban/project_robot_ws_sim/project_robot_ws/sim/install/robot_sim/share/robot_sim//urdf/robot_urdf/install/local_setup.ps1
-- Up-to-date: /home/kaban/project_robot_ws_sim/project_robot_ws/sim/install/robot_sim/share/robot_sim//urdf/robot_urdf/install/.colcon_install_layout
-- Up-to-date: /home/kaban/project_robot_ws_sim/project_robot_ws/sim/install/robot_sim/share/robot_sim//urdf/robot_urdf/install/_local_setup_util_sh.py
-- Up-to-date: /home/kaban/project_robot_ws_sim/project_robot_ws/sim/install/robot_sim/share/robot_sim//urdf/robot_urdf/install/setup.bash
-- Up-to-date: /home/kaban/project_robot_ws_sim/project_robot_ws/sim/install/robot_sim/share/robot_sim//urdf/robot_urdf/install/robot_urdf
-- Up-to-date: /home/kaban/project_robot_ws_sim/project_robot_ws/sim/install/robot_sim/share/robot_sim//urdf/robot_urdf/install/robot_urdf/share
-- Up-to-date: /home/kaban/project_robot_ws_sim/project_robot_ws/sim/install/robot_sim/share/robot_sim//urdf/robot_urdf/install/robot_urdf/share/robot_urdf
-- Up-to-date: /home/kaban/project_robot_ws_sim/project_robot_ws/sim/install/robot_sim/share/robot_sim//urdf/robot_urdf/install/robot_urdf/share/robot_urdf/package.dsv
-- Up-to-date: /home/kaban/project_robot_ws_sim/project_robot_ws/sim/install/robot_sim/share/robot_sim//urdf/robot_urdf/install/robot_urdf/share/robot_urdf/package.ps1
-- Up-to-date: /home/kaban/project_robot_ws_sim/project_robot_ws/sim/install/robot_sim/share/robot_sim//urdf/robot_urdf/install/robot_urdf/share/robot_urdf/package.zsh
-- Up-to-date: /home/kaban/project_robot_ws_sim/project_robot_ws/sim/install/robot_sim/share/robot_sim//urdf/robot_urdf/install/robot_urdf/share/robot_urdf/package.bash
-- Up-to-date: /home/kaban/project_robot_ws_sim/project_robot_ws/sim/install/robot_sim/share/robot_sim//urdf/robot_urdf/install/robot_urdf/share/robot_urdf/package.sh
-- Up-to-date: /home/kaban/project_robot_ws_sim/project_robot_ws/sim/install/robot_sim/share/robot_sim//urdf/robot_urdf/install/robot_urdf/share/colcon-core
-- Up-to-date: /home/kaban/project_robot_ws_sim/project_robot_ws/sim/install/robot_sim/share/robot_sim//urdf/robot_urdf/install/robot_urdf/share/colcon-core/packages
-- Up-to-date: /home/kaban/project_robot_ws_sim/project_robot_ws/sim/install/robot_sim/share/robot_sim//urdf/robot_urdf/install/robot_urdf/share/colcon-core/packages/robot_urdf
-- Up-to-date: /home/kaban/project_robot_ws_sim/project_robot_ws/sim/install/robot_sim/share/robot_sim//urdf/robot_urdf/install/robot_urdf/.catkin
-- Up-to-date: /home/kaban/project_robot_ws_sim/project_robot_ws/sim/install/robot_sim/share/robot_sim//urdf/robot_urdf/install/COLCON_IGNORE
-- Up-to-date: /home/kaban/project_robot_ws_sim/project_robot_ws/sim/install/robot_sim/share/robot_sim//urdf/robot_urdf/install/local_setup.bash
-- Up-to-date: /home/kaban/project_robot_ws_sim/project_robot_ws/sim/install/robot_sim/share/robot_sim//urdf/robot_urdf/install/setup.ps1
-- Up-to-date: /home/kaban/project_robot_ws_sim/project_robot_ws/sim/install/robot_sim/share/robot_sim//urdf/robot_urdf/install/local_setup.sh
-- Up-to-date: /home/kaban/project_robot_ws_sim/project_robot_ws/sim/install/robot_sim/share/robot_sim//urdf/robot_urdf/install/setup.zsh
-- Up-to-date: /home/kaban/project_robot_ws_sim/project_robot_ws/sim/install/robot_sim/share/robot_sim//urdf/robot_urdf/install/_local_setup_util_ps1.py
-- Up-to-date: /home/kaban/project_robot_ws_sim/project_robot_ws/sim/install/robot_sim/share/robot_sim//urdf/robot_urdf/install/local_setup.zsh
-- Up-to-date: /home/kaban/project_robot_ws_sim/project_robot_ws/sim/install/robot_sim/share/robot_sim//urdf/robot_urdf/install/setup.sh
-- Up-to-date: /home/kaban/project_robot_ws_sim/project_robot_ws/sim/install/robot_sim/share/robot_sim//urdf/robot_urdf/launch
-- Up-to-date: /home/kaban/project_robot_ws_sim/project_robot_ws/sim/install/robot_sim/share/robot_sim//urdf/robot_urdf/launch/gazebo.launch
-- Up-to-date: /home/kaban/project_robot_ws_sim/project_robot_ws/sim/install/robot_sim/share/robot_sim//urdf/robot_urdf/launch/display.launch
-- Up-to-date: /home/kaban/project_robot_ws_sim/project_robot_ws/sim/install/robot_sim/share/robot_sim//urdf/robot_urdf/export.log
-- Up-to-date: /home/kaban/project_robot_ws_sim/project_robot_ws/sim/install/robot_sim/share/robot_sim//urdf/robot_urdf/urdf
-- Up-to-date: /home/kaban/project_robot_ws_sim/project_robot_ws/sim/install/robot_sim/share/robot_sim//urdf/robot_urdf/urdf/robot_urdf.csv
-- Up-to-date: /home/kaban/project_robot_ws_sim/project_robot_ws/sim/install/robot_sim/share/robot_sim//urdf/robot_urdf/urdf/robot_urdf.urdf
-- Up-to-date: /home/kaban/project_robot_ws_sim/project_robot_ws/sim/install/robot_sim/share/robot_sim//urdf/robot_urdf/log
-- Up-to-date: /home/kaban/project_robot_ws_sim/project_robot_ws/sim/install/robot_sim/share/robot_sim//urdf/robot_urdf/log/COLCON_IGNORE
-- Up-to-date: /home/kaban/project_robot_ws_sim/project_robot_ws/sim/install/robot_sim/share/robot_sim//urdf/robot_urdf/log/build_2025-05-05_10-50-29
-- Up-to-date: /home/kaban/project_robot_ws_sim/project_robot_ws/sim/install/robot_sim/share/robot_sim//urdf/robot_urdf/log/build_2025-05-05_10-50-29/robot_urdf
-- Up-to-date: /home/kaban/project_robot_ws_sim/project_robot_ws/sim/install/robot_sim/share/robot_sim//urdf/robot_urdf/log/build_2025-05-05_10-50-29/robot_urdf/stdout_stderr.log
-- Up-to-date: /home/kaban/project_robot_ws_sim/project_robot_ws/sim/install/robot_sim/share/robot_sim//urdf/robot_urdf/log/build_2025-05-05_10-50-29/robot_urdf/stdout.log
-- Up-to-date: /home/kaban/project_robot_ws_sim/project_robot_ws/sim/install/robot_sim/share/robot_sim//urdf/robot_urdf/log/build_2025-05-05_10-50-29/robot_urdf/streams.log
-- Up-to-date: /home/kaban/project_robot_ws_sim/project_robot_ws/sim/install/robot_sim/share/robot_sim//urdf/robot_urdf/log/build_2025-05-05_10-50-29/robot_urdf/command.log
-- Up-to-date: /home/kaban/project_robot_ws_sim/project_robot_ws/sim/install/robot_sim/share/robot_sim//urdf/robot_urdf/log/build_2025-05-05_10-50-29/robot_urdf/stderr.log
-- Up-to-date: /home/kaban/project_robot_ws_sim/project_robot_ws/sim/install/robot_sim/share/robot_sim//urdf/robot_urdf/log/build_2025-05-05_10-50-29/logger_all.log
-- Up-to-date: /home/kaban/project_robot_ws_sim/project_robot_ws/sim/install/robot_sim/share/robot_sim//urdf/robot_urdf/log/build_2025-05-05_10-50-29/events.log
-- Up-to-date: /home/kaban/project_robot_ws_sim/project_robot_ws/sim/install/robot_sim/share/robot_sim//urdf/robot_urdf/textures
-- Up-to-date: /home/kaban/project_robot_ws_sim/project_robot_ws/sim/install/robot_sim/share/robot_sim//urdf/robot_urdf/meshes
-- Up-to-date: /home/kaban/project_robot_ws_sim/project_robot_ws/sim/install/robot_sim/share/robot_sim//urdf/robot_urdf/meshes/link_lidar.STL
-- Up-to-date: /home/kaban/project_robot_ws_sim/project_robot_ws/sim/install/robot_sim/share/robot_sim//urdf/robot_urdf/meshes/link_laser.STL
-- Up-to-date: /home/kaban/project_robot_ws_sim/project_robot_ws/sim/install/robot_sim/share/robot_sim//urdf/robot_urdf/meshes/link_depth_camera.STL
-- Up-to-date: /home/kaban/project_robot_ws_sim/project_robot_ws/sim/install/robot_sim/share/robot_sim//urdf/robot_urdf/meshes/link_wheel_rear_right.STL
-- Up-to-date: /home/kaban/project_robot_ws_sim/project_robot_ws/sim/install/robot_sim/share/robot_sim//urdf/robot_urdf/meshes/link_steering_pinion.STL
-- Up-to-date: /home/kaban/project_robot_ws_sim/project_robot_ws/sim/install/robot_sim/share/robot_sim//urdf/robot_urdf/meshes/link_wheel_rear_left.STL
-- Up-to-date: /home/kaban/project_robot_ws_sim/project_robot_ws/sim/install/robot_sim/share/robot_sim//urdf/robot_urdf/meshes/link_steering_rack.STL
-- Up-to-date: /home/kaban/project_robot_ws_sim/project_robot_ws/sim/install/robot_sim/share/robot_sim//urdf/robot_urdf/meshes/base_link.STL
-- Up-to-date: /home/kaban/project_robot_ws_sim/project_robot_ws/sim/install/robot_sim/share/robot_sim//urdf/robot_urdf/meshes/link_steering_rods.STL
-- Up-to-date: /home/kaban/project_robot_ws_sim/project_robot_ws/sim/install/robot_sim/share/robot_sim//urdf/robot_urdf/package.xml
-- Up-to-date: /home/kaban/project_robot_ws_sim/project_robot_ws/sim/install/robot_sim/share/robot_sim//urdf/lidar.xacro
-- Installing: /home/kaban/project_robot_ws_sim/project_robot_ws/sim/install/robot_sim/share/robot_sim//urdf/test_tricycle_drive.xacro.urdf
-- Up-to-date: /home/kaban/project_robot_ws_sim/project_robot_ws/sim/install/robot_sim/share/robot_sim//urdf/inertial_macros.xacro
-- Up-to-date: /home/kaban/project_robot_ws_sim/project_robot_ws/sim/install/robot_sim/share/robot_sim//urdf/meshes
-- Up-to-date: /home/kaban/project_robot_ws_sim/project_robot_ws/sim/install/robot_sim/share/robot_sim//urdf/meshes/link_lidar.STL
-- Up-to-date: /home/kaban/project_robot_ws_sim/project_robot_ws/sim/install/robot_sim/share/robot_sim//urdf/meshes/link_laser.STL
-- Up-to-date: /home/kaban/project_robot_ws_sim/project_robot_ws/sim/install/robot_sim/share/robot_sim//urdf/meshes/link_depth_camera.STL
-- Up-to-date: /home/kaban/project_robot_ws_sim/project_robot_ws/sim/install/robot_sim/share/robot_sim//urdf/meshes/link_wheel_rear_right.STL
-- Up-to-date: /home/kaban/project_robot_ws_sim/project_robot_ws/sim/install/robot_sim/share/robot_sim//urdf/meshes/link_steering_pinion.STL
-- Up-to-date: /home/kaban/project_robot_ws_sim/project_robot_ws/sim/install/robot_sim/share/robot_sim//urdf/meshes/link_wheel_rear_left.STL
-- Up-to-date: /home/kaban/project_robot_ws_sim/project_robot_ws/sim/install/robot_sim/share/robot_sim//urdf/meshes/link_steering_rack.STL
-- Up-to-date: /home/kaban/project_robot_ws_sim/project_robot_ws/sim/install/robot_sim/share/robot_sim//urdf/meshes/base_link.STL
-- Up-to-date: /home/kaban/project_robot_ws_sim/project_robot_ws/sim/install/robot_sim/share/robot_sim//urdf/meshes/link_steering_rods.STL
-- Up-to-date: /home/kaban/project_robot_ws_sim/project_robot_ws/sim/install/robot_sim/share/robot_sim//worlds
-- Up-to-date: /home/kaban/project_robot_ws_sim/project_robot_ws/sim/install/robot_sim/share/robot_sim//worlds/empty.world
-- Up-to-date: /home/kaban/project_robot_ws_sim/project_robot_ws/sim/install/robot_sim/share/urdf
-- Up-to-date: /home/kaban/project_robot_ws_sim/project_robot_ws/sim/install/robot_sim/share/urdf/full_robot.xacro.urdf
-- Up-to-date: /home/kaban/project_robot_ws_sim/project_robot_ws/sim/install/robot_sim/share/urdf/robot_urdf
-- Up-to-date: /home/kaban/project_robot_ws_sim/project_robot_ws/sim/install/robot_sim/share/urdf/robot_urdf/build
-- Up-to-date: /home/kaban/project_robot_ws_sim/project_robot_ws/sim/install/robot_sim/share/urdf/robot_urdf/build/robot_urdf
-- Up-to-date: /home/kaban/project_robot_ws_sim/project_robot_ws/sim/install/robot_sim/share/urdf/robot_urdf/build/robot_urdf/cmake_args.last
-- Up-to-date: /home/kaban/project_robot_ws_sim/project_robot_ws/sim/install/robot_sim/share/urdf/robot_urdf/build/robot_urdf/colcon_command_prefix_build.sh.env
-- Up-to-date: /home/kaban/project_robot_ws_sim/project_robot_ws/sim/install/robot_sim/share/urdf/robot_urdf/build/robot_urdf/colcon_build.rc
-- Up-to-date: /home/kaban/project_robot_ws_sim/project_robot_ws/sim/install/robot_sim/share/urdf/robot_urdf/build/robot_urdf/CMakeCache.txt
-- Up-to-date: /home/kaban/project_robot_ws_sim/project_robot_ws/sim/install/robot_sim/share/urdf/robot_urdf/build/robot_urdf/colcon_command_prefix_build.sh
-- Up-to-date: /home/kaban/project_robot_ws_sim/project_robot_ws/sim/install/robot_sim/share/urdf/robot_urdf/build/robot_urdf/.cmake
-- Up-to-date: /home/kaban/project_robot_ws_sim/project_robot_ws/sim/install/robot_sim/share/urdf/robot_urdf/build/robot_urdf/.cmake/api
-- Up-to-date: /home/kaban/project_robot_ws_sim/project_robot_ws/sim/install/robot_sim/share/urdf/robot_urdf/build/robot_urdf/.cmake/api/v1
-- Up-to-date: /home/kaban/project_robot_ws_sim/project_robot_ws/sim/install/robot_sim/share/urdf/robot_urdf/build/robot_urdf/.cmake/api/v1/query
-- Up-to-date: /home/kaban/project_robot_ws_sim/project_robot_ws/sim/install/robot_sim/share/urdf/robot_urdf/build/robot_urdf/.cmake/api/v1/query/client-colcon-cmake
-- Up-to-date: /home/kaban/project_robot_ws_sim/project_robot_ws/sim/install/robot_sim/share/urdf/robot_urdf/build/robot_urdf/.cmake/api/v1/query/client-colcon-cmake/codemodel-v2
-- Up-to-date: /home/kaban/project_robot_ws_sim/project_robot_ws/sim/install/robot_sim/share/urdf/robot_urdf/build/robot_urdf/CMakeFiles
-- Up-to-date: /home/kaban/project_robot_ws_sim/project_robot_ws/sim/install/robot_sim/share/urdf/robot_urdf/build/robot_urdf/CMakeFiles/CMakeTmp
-- Up-to-date: /home/kaban/project_robot_ws_sim/project_robot_ws/sim/install/robot_sim/share/urdf/robot_urdf/build/robot_urdf/CMakeFiles/CMakeOutput.log
-- Up-to-date: /home/kaban/project_robot_ws_sim/project_robot_ws/sim/install/robot_sim/share/urdf/robot_urdf/build/robot_urdf/CMakeFiles/cmake.check_cache
-- Up-to-date: /home/kaban/project_robot_ws_sim/project_robot_ws/sim/install/robot_sim/share/urdf/robot_urdf/build/robot_urdf/CMakeFiles/3.22.1
-- Up-to-date: /home/kaban/project_robot_ws_sim/project_robot_ws/sim/install/robot_sim/share/urdf/robot_urdf/build/robot_urdf/CMakeFiles/3.22.1/CMakeDetermineCompilerABI_CXX.bin
-- Up-to-date: /home/kaban/project_robot_ws_sim/project_robot_ws/sim/install/robot_sim/share/urdf/robot_urdf/build/robot_urdf/CMakeFiles/3.22.1/CMakeCCompiler.cmake
-- Up-to-date: /home/kaban/project_robot_ws_sim/project_robot_ws/sim/install/robot_sim/share/urdf/robot_urdf/build/robot_urdf/CMakeFiles/3.22.1/CompilerIdC
-- Up-to-date: /home/kaban/project_robot_ws_sim/project_robot_ws/sim/install/robot_sim/share/urdf/robot_urdf/build/robot_urdf/CMakeFiles/3.22.1/CompilerIdC/a.out
-- Up-to-date: /home/kaban/project_robot_ws_sim/project_robot_ws/sim/install/robot_sim/share/urdf/robot_urdf/build/robot_urdf/CMakeFiles/3.22.1/CompilerIdC/CMakeCCompilerId.c
-- Up-to-date: /home/kaban/project_robot_ws_sim/project_robot_ws/sim/install/robot_sim/share/urdf/robot_urdf/build/robot_urdf/CMakeFiles/3.22.1/CompilerIdC/tmp
-- Up-to-date: /home/kaban/project_robot_ws_sim/project_robot_ws/sim/install/robot_sim/share/urdf/robot_urdf/build/robot_urdf/CMakeFiles/3.22.1/CMakeSystem.cmake
-- Up-to-date: /home/kaban/project_robot_ws_sim/project_robot_ws/sim/install/robot_sim/share/urdf/robot_urdf/build/robot_urdf/CMakeFiles/3.22.1/CMakeCXXCompiler.cmake
-- Up-to-date: /home/kaban/project_robot_ws_sim/project_robot_ws/sim/install/robot_sim/share/urdf/robot_urdf/build/robot_urdf/CMakeFiles/3.22.1/CompilerIdCXX
-- Up-to-date: /home/kaban/project_robot_ws_sim/project_robot_ws/sim/install/robot_sim/share/urdf/robot_urdf/build/robot_urdf/CMakeFiles/3.22.1/CompilerIdCXX/a.out
-- Up-to-date: /home/kaban/project_robot_ws_sim/project_robot_ws/sim/install/robot_sim/share/urdf/robot_urdf/build/robot_urdf/CMakeFiles/3.22.1/CompilerIdCXX/CMakeCXXCompilerId.cpp
-- Up-to-date: /home/kaban/project_robot_ws_sim/project_robot_ws/sim/install/robot_sim/share/urdf/robot_urdf/build/robot_urdf/CMakeFiles/3.22.1/CompilerIdCXX/tmp
-- Up-to-date: /home/kaban/project_robot_ws_sim/project_robot_ws/sim/install/robot_sim/share/urdf/robot_urdf/build/robot_urdf/CMakeFiles/3.22.1/CMakeDetermineCompilerABI_C.bin
-- Up-to-date: /home/kaban/project_robot_ws_sim/project_robot_ws/sim/install/robot_sim/share/urdf/robot_urdf/build/.built_by
-- Up-to-date: /home/kaban/project_robot_ws_sim/project_robot_ws/sim/install/robot_sim/share/urdf/robot_urdf/build/COLCON_IGNORE
-- Up-to-date: /home/kaban/project_robot_ws_sim/project_robot_ws/sim/install/robot_sim/share/urdf/robot_urdf/config
-- Up-to-date: /home/kaban/project_robot_ws_sim/project_robot_ws/sim/install/robot_sim/share/urdf/robot_urdf/config/joint_names_robot_urdf.yaml
-- Up-to-date: /home/kaban/project_robot_ws_sim/project_robot_ws/sim/install/robot_sim/share/urdf/robot_urdf/CMakeLists.txt
-- Up-to-date: /home/kaban/project_robot_ws_sim/project_robot_ws/sim/install/robot_sim/share/urdf/robot_urdf/install
-- Up-to-date: /home/kaban/project_robot_ws_sim/project_robot_ws/sim/install/robot_sim/share/urdf/robot_urdf/install/local_setup.ps1
-- Up-to-date: /home/kaban/project_robot_ws_sim/project_robot_ws/sim/install/robot_sim/share/urdf/robot_urdf/install/.colcon_install_layout
-- Up-to-date: /home/kaban/project_robot_ws_sim/project_robot_ws/sim/install/robot_sim/share/urdf/robot_urdf/install/_local_setup_util_sh.py
-- Up-to-date: /home/kaban/project_robot_ws_sim/project_robot_ws/sim/install/robot_sim/share/urdf/robot_urdf/install/setup.bash
-- Up-to-date: /home/kaban/project_robot_ws_sim/project_robot_ws/sim/install/robot_sim/share/urdf/robot_urdf/install/robot_urdf
-- Up-to-date: /home/kaban/project_robot_ws_sim/project_robot_ws/sim/install/robot_sim/share/urdf/robot_urdf/install/robot_urdf/share
-- Up-to-date: /home/kaban/project_robot_ws_sim/project_robot_ws/sim/install/robot_sim/share/urdf/robot_urdf/install/robot_urdf/share/robot_urdf
-- Up-to-date: /home/kaban/project_robot_ws_sim/project_robot_ws/sim/install/robot_sim/share/urdf/robot_urdf/install/robot_urdf/share/robot_urdf/package.dsv
-- Up-to-date: /home/kaban/project_robot_ws_sim/project_robot_ws/sim/install/robot_sim/share/urdf/robot_urdf/install/robot_urdf/share/robot_urdf/package.ps1
-- Up-to-date: /home/kaban/project_robot_ws_sim/project_robot_ws/sim/install/robot_sim/share/urdf/robot_urdf/install/robot_urdf/share/robot_urdf/package.zsh
-- Up-to-date: /home/kaban/project_robot_ws_sim/project_robot_ws/sim/install/robot_sim/share/urdf/robot_urdf/install/robot_urdf/share/robot_urdf/package.bash
-- Up-to-date: /home/kaban/project_robot_ws_sim/project_robot_ws/sim/install/robot_sim/share/urdf/robot_urdf/install/robot_urdf/share/robot_urdf/package.sh
-- Up-to-date: /home/kaban/project_robot_ws_sim/project_robot_ws/sim/install/robot_sim/share/urdf/robot_urdf/install/robot_urdf/share/colcon-core
-- Up-to-date: /home/kaban/project_robot_ws_sim/project_robot_ws/sim/install/robot_sim/share/urdf/robot_urdf/install/robot_urdf/share/colcon-core/packages
-- Up-to-date: /home/kaban/project_robot_ws_sim/project_robot_ws/sim/install/robot_sim/share/urdf/robot_urdf/install/robot_urdf/share/colcon-core/packages/robot_urdf
-- Up-to-date: /home/kaban/project_robot_ws_sim/project_robot_ws/sim/install/robot_sim/share/urdf/robot_urdf/install/robot_urdf/.catkin
-- Up-to-date: /home/kaban/project_robot_ws_sim/project_robot_ws/sim/install/robot_sim/share/urdf/robot_urdf/install/COLCON_IGNORE
-- Up-to-date: /home/kaban/project_robot_ws_sim/project_robot_ws/sim/install/robot_sim/share/urdf/robot_urdf/install/local_setup.bash
-- Up-to-date: /home/kaban/project_robot_ws_sim/project_robot_ws/sim/install/robot_sim/share/urdf/robot_urdf/install/setup.ps1
-- Up-to-date: /home/kaban/project_robot_ws_sim/project_robot_ws/sim/install/robot_sim/share/urdf/robot_urdf/install/local_setup.sh
-- Up-to-date: /home/kaban/project_robot_ws_sim/project_robot_ws/sim/install/robot_sim/share/urdf/robot_urdf/install/setup.zsh
-- Up-to-date: /home/kaban/project_robot_ws_sim/project_robot_ws/sim/install/robot_sim/share/urdf/robot_urdf/install/_local_setup_util_ps1.py
-- Up-to-date: /home/kaban/project_robot_ws_sim/project_robot_ws/sim/install/robot_sim/share/urdf/robot_urdf/install/local_setup.zsh
-- Up-to-date: /home/kaban/project_robot_ws_sim/project_robot_ws/sim/install/robot_sim/share/urdf/robot_urdf/install/setup.sh
-- Up-to-date: /home/kaban/project_robot_ws_sim/project_robot_ws/sim/install/robot_sim/share/urdf/robot_urdf/launch
-- Up-to-date: /home/kaban/project_robot_ws_sim/project_robot_ws/sim/install/robot_sim/share/urdf/robot_urdf/launch/gazebo.launch
-- Up-to-date: /home/kaban/project_robot_ws_sim/project_robot_ws/sim/install/robot_sim/share/urdf/robot_urdf/launch/display.launch
-- Up-to-date: /home/kaban/project_robot_ws_sim/project_robot_ws/sim/install/robot_sim/share/urdf/robot_urdf/export.log
-- Up-to-date: /home/kaban/project_robot_ws_sim/project_robot_ws/sim/install/robot_sim/share/urdf/robot_urdf/urdf
-- Up-to-date: /home/kaban/project_robot_ws_sim/project_robot_ws/sim/install/robot_sim/share/urdf/robot_urdf/urdf/robot_urdf.csv
-- Up-to-date: /home/kaban/project_robot_ws_sim/project_robot_ws/sim/install/robot_sim/share/urdf/robot_urdf/urdf/robot_urdf.urdf
-- Up-to-date: /home/kaban/project_robot_ws_sim/project_robot_ws/sim/install/robot_sim/share/urdf/robot_urdf/log
-- Up-to-date: /home/kaban/project_robot_ws_sim/project_robot_ws/sim/install/robot_sim/share/urdf/robot_urdf/log/COLCON_IGNORE
-- Up-to-date: /home/kaban/project_robot_ws_sim/project_robot_ws/sim/install/robot_sim/share/urdf/robot_urdf/log/build_2025-05-05_10-50-29
-- Up-to-date: /home/kaban/project_robot_ws_sim/project_robot_ws/sim/install/robot_sim/share/urdf/robot_urdf/log/build_2025-05-05_10-50-29/robot_urdf
-- Up-to-date: /home/kaban/project_robot_ws_sim/project_robot_ws/sim/install/robot_sim/share/urdf/robot_urdf/log/build_2025-05-05_10-50-29/robot_urdf/stdout_stderr.log
-- Up-to-date: /home/kaban/project_robot_ws_sim/project_robot_ws/sim/install/robot_sim/share/urdf/robot_urdf/log/build_2025-05-05_10-50-29/robot_urdf/stdout.log
-- Up-to-date: /home/kaban/project_robot_ws_sim/project_robot_ws/sim/install/robot_sim/share/urdf/robot_urdf/log/build_2025-05-05_10-50-29/robot_urdf/streams.log
-- Up-to-date: /home/kaban/project_robot_ws_sim/project_robot_ws/sim/install/robot_sim/share/urdf/robot_urdf/log/build_2025-05-05_10-50-29/robot_urdf/command.log
-- Up-to-date: /home/kaban/project_robot_ws_sim/project_robot_ws/sim/install/robot_sim/share/urdf/robot_urdf/log/build_2025-05-05_10-50-29/robot_urdf/stderr.log
-- Up-to-date: /home/kaban/project_robot_ws_sim/project_robot_ws/sim/install/robot_sim/share/urdf/robot_urdf/log/build_2025-05-05_10-50-29/logger_all.log
-- Up-to-date: /home/kaban/project_robot_ws_sim/project_robot_ws/sim/install/robot_sim/share/urdf/robot_urdf/log/build_2025-05-05_10-50-29/events.log
-- Up-to-date: /home/kaban/project_robot_ws_sim/project_robot_ws/sim/install/robot_sim/share/urdf/robot_urdf/textures
-- Up-to-date: /home/kaban/project_robot_ws_sim/project_robot_ws/sim/install/robot_sim/share/urdf/robot_urdf/meshes
-- Up-to-date: /home/kaban/project_robot_ws_sim/project_robot_ws/sim/install/robot_sim/share/urdf/robot_urdf/meshes/link_lidar.STL
-- Up-to-date: /home/kaban/project_robot_ws_sim/project_robot_ws/sim/install/robot_sim/share/urdf/robot_urdf/meshes/link_laser.STL
-- Up-to-date: /home/kaban/project_robot_ws_sim/project_robot_ws/sim/install/robot_sim/share/urdf/robot_urdf/meshes/link_depth_camera.STL
-- Up-to-date: /home/kaban/project_robot_ws_sim/project_robot_ws/sim/install/robot_sim/share/urdf/robot_urdf/meshes/link_wheel_rear_right.STL
-- Up-to-date: /home/kaban/project_robot_ws_sim/project_robot_ws/sim/install/robot_sim/share/urdf/robot_urdf/meshes/link_steering_pinion.STL
-- Up-to-date: /home/kaban/project_robot_ws_sim/project_robot_ws/sim/install/robot_sim/share/urdf/robot_urdf/meshes/link_wheel_rear_left.STL
-- Up-to-date: /home/kaban/project_robot_ws_sim/project_robot_ws/sim/install/robot_sim/share/urdf/robot_urdf/meshes/link_steering_rack.STL
-- Up-to-date: /home/kaban/project_robot_ws_sim/project_robot_ws/sim/install/robot_sim/share/urdf/robot_urdf/meshes/base_link.STL
-- Up-to-date: /home/kaban/project_robot_ws_sim/project_robot_ws/sim/install/robot_sim/share/urdf/robot_urdf/meshes/link_steering_rods.STL
-- Up-to-date: /home/kaban/project_robot_ws_sim/project_robot_ws/sim/install/robot_sim/share/urdf/robot_urdf/package.xml
-- Up-to-date: /home/kaban/project_robot_ws_sim/project_robot_ws/sim/install/robot_sim/share/urdf/lidar.xacro
-- Installing: /home/kaban/project_robot_ws_sim/project_robot_ws/sim/install/robot_sim/share/urdf/test_tricycle_drive.xacro.urdf
-- Up-to-date: /home/kaban/project_robot_ws_sim/project_robot_ws/sim/install/robot_sim/share/urdf/inertial_macros.xacro
-- Up-to-date: /home/kaban/project_robot_ws_sim/project_robot_ws/sim/install/robot_sim/share/urdf/meshes
-- Up-to-date: /home/kaban/project_robot_ws_sim/project_robot_ws/sim/install/robot_sim/share/urdf/meshes/link_lidar.STL
-- Up-to-date: /home/kaban/project_robot_ws_sim/project_robot_ws/sim/install/robot_sim/share/urdf/meshes/link_laser.STL
-- Up-to-date: /home/kaban/project_robot_ws_sim/project_robot_ws/sim/install/robot_sim/share/urdf/meshes/link_depth_camera.STL
-- Up-to-date: /home/kaban/project_robot_ws_sim/project_robot_ws/sim/install/robot_sim/share/urdf/meshes/link_wheel_rear_right.STL
-- Up-to-date: /home/kaban/project_robot_ws_sim/project_robot_ws/sim/install/robot_sim/share/urdf/meshes/link_steering_pinion.STL
-- Up-to-date: /home/kaban/project_robot_ws_sim/project_robot_ws/sim/install/robot_sim/share/urdf/meshes/link_wheel_rear_left.STL
-- Up-to-date: /home/kaban/project_robot_ws_sim/project_robot_ws/sim/install/robot_sim/share/urdf/meshes/link_steering_rack.STL
-- Up-to-date: /home/kaban/project_robot_ws_sim/project_robot_ws/sim/install/robot_sim/share/urdf/meshes/base_link.STL
-- Up-to-date: /home/kaban/project_robot_ws_sim/project_robot_ws/sim/install/robot_sim/share/urdf/meshes/link_steering_rods.STL
-- Up-to-date: /home/kaban/project_robot_ws_sim/project_robot_ws/sim/install/robot_sim/lib/robot_sim/example_tricycle_drive
-- Up-to-date: /home/kaban/project_robot_ws_sim/project_robot_ws/sim/install/robot_sim/share/robot_sim/environment/sim.dsv
-- Up-to-date: /home/kaban/project_robot_ws_sim/project_robot_ws/sim/install/robot_sim/share/robot_sim/environment/sim.sh
-- Up-to-date: /home/kaban/project_robot_ws_sim/project_robot_ws/sim/install/robot_sim/share/ament_index/resource_index/package_run_dependencies/robot_sim
-- Up-to-date: /home/kaban/project_robot_ws_sim/project_robot_ws/sim/install/robot_sim/share/ament_index/resource_index/parent_prefix_path/robot_sim
-- Up-to-date: /home/kaban/project_robot_ws_sim/project_robot_ws/sim/install/robot_sim/share/robot_sim/environment/ament_prefix_path.sh
-- Up-to-date: /home/kaban/project_robot_ws_sim/project_robot_ws/sim/install/robot_sim/share/robot_sim/environment/ament_prefix_path.dsv
-- Up-to-date: /home/kaban/project_robot_ws_sim/project_robot_ws/sim/install/robot_sim/share/robot_sim/environment/path.sh
-- Up-to-date: /home/kaban/project_robot_ws_sim/project_robot_ws/sim/install/robot_sim/share/robot_sim/environment/path.dsv
-- Up-to-date: /home/kaban/project_robot_ws_sim/project_robot_ws/sim/install/robot_sim/share/robot_sim/local_setup.bash
-- Up-to-date: /home/kaban/project_robot_ws_sim/project_robot_ws/sim/install/robot_sim/share/robot_sim/local_setup.sh
-- Up-to-date: /home/kaban/project_robot_ws_sim/project_robot_ws/sim/install/robot_sim/share/robot_sim/local_setup.zsh
-- Up-to-date: /home/kaban/project_robot_ws_sim/project_robot_ws/sim/install/robot_sim/share/robot_sim/local_setup.dsv
-- Installing: /home/kaban/project_robot_ws_sim/project_robot_ws/sim/install/robot_sim/share/robot_sim/package.dsv
-- Up-to-date: /home/kaban/project_robot_ws_sim/project_robot_ws/sim/install/robot_sim/share/ament_index/resource_index/packages/robot_sim
-- Up-to-date: /home/kaban/project_robot_ws_sim/project_robot_ws/sim/install/robot_sim/share/robot_sim/cmake/robot_simConfig.cmake
-- Up-to-date: /home/kaban/project_robot_ws_sim/project_robot_ws/sim/install/robot_sim/share/robot_sim/cmake/robot_simConfig-version.cmake
-- Up-to-date: /home/kaban/project_robot_ws_sim/project_robot_ws/sim/install/robot_sim/share/robot_sim/package.xml
