[0.013s] Invoking command in '/home/kaban/project_robot_ws_sim/project_robot_ws/sim/build/robot_sim': CMAKE_PREFIX_PATH=${CMAKE_PREFIX_PATH}:/opt/ros/jazzy DEBUGINFOD_URLS=https://debuginfod.ubuntu.com /usr/bin/cmake --build /home/kaban/project_robot_ws_sim/project_robot_ws/sim/build/robot_sim -- -j24 -l24
[0.085s] [100%] Built target example_tricycle_drive
[0.098s] Invoked command in '/home/kaban/project_robot_ws_sim/project_robot_ws/sim/build/robot_sim' returned '0': CMAKE_PREFIX_PATH=${CMAKE_PREFIX_PATH}:/opt/ros/jazzy DEBUGINFOD_URLS=https://debuginfod.ubuntu.com /usr/bin/cmake --build /home/kaban/project_robot_ws_sim/project_robot_ws/sim/build/robot_sim -- -j24 -l24
[0.111s] Invoking command in '/home/kaban/project_robot_ws_sim/project_robot_ws/sim/build/robot_sim': CMAKE_PREFIX_PATH=${CMAKE_PREFIX_PATH}:/opt/ros/jazzy DEBUGINFOD_URLS=https://debuginfod.ubuntu.com /usr/bin/cmake --install /home/kaban/project_robot_ws_sim/project_robot_ws/sim/build/robot_sim
[0.119s] -- Install configuration: ""
[0.120s] -- Up-to-date: /home/kaban/project_robot_ws_sim/project_robot_ws/sim/install/robot_sim/share/robot_sim//launch
[0.120s] -- Up-to-date: /home/kaban/project_robot_ws_sim/project_robot_ws/sim/install/robot_sim/share/robot_sim//launch/bicycle_drive.launch .py
[0.120s] -- Up-to-date: /home/kaban/project_robot_ws_sim/project_robot_ws/sim/install/robot_sim/share/robot_sim//launch/p.py
[0.120s] -- Up-to-date: /home/kaban/project_robot_ws_sim/project_robot_ws/sim/install/robot_sim/share/robot_sim//launch/sim.launch.py
[0.120s] -- Up-to-date: /home/kaban/project_robot_ws_sim/project_robot_ws/sim/install/robot_sim/share/robot_sim//launch
[0.120s] -- Up-to-date: /home/kaban/project_robot_ws_sim/project_robot_ws/sim/install/robot_sim/share/robot_sim//launch/__pycache__
[0.120s] -- Up-to-date: /home/kaban/project_robot_ws_sim/project_robot_ws/sim/install/robot_sim/share/robot_sim//launch/__pycache__/online_async_launch.cpython-310.pyc
[0.120s] -- Up-to-date: /home/kaban/project_robot_ws_sim/project_robot_ws/sim/install/robot_sim/share/robot_sim//launch/base_link_launch.py
[0.121s] -- Up-to-date: /home/kaban/project_robot_ws_sim/project_robot_ws/sim/install/robot_sim/share/robot_sim//launch/online_async_launch.py
[0.121s] -- Up-to-date: /home/kaban/project_robot_ws_sim/project_robot_ws/sim/install/robot_sim/share/robot_sim//launch/navigation_launch.py
[0.121s] -- Up-to-date: /home/kaban/project_robot_ws_sim/project_robot_ws/sim/install/robot_sim/share/robot_sim//config
[0.121s] -- Up-to-date: /home/kaban/project_robot_ws_sim/project_robot_ws/sim/install/robot_sim/share/robot_sim//config/nav2_params_rpp.yaml
[0.121s] -- Up-to-date: /home/kaban/project_robot_ws_sim/project_robot_ws/sim/install/robot_sim/share/robot_sim//config/mapper_params_online_async.yaml
[0.121s] -- Up-to-date: /home/kaban/project_robot_ws_sim/project_robot_ws/sim/install/robot_sim/share/robot_sim//config/bicycle_drive_controller.yaml
[0.121s] -- Up-to-date: /home/kaban/project_robot_ws_sim/project_robot_ws/sim/install/robot_sim/share/robot_sim//config/obstacles.world
[0.121s] -- Up-to-date: /home/kaban/project_robot_ws_sim/project_robot_ws/sim/install/robot_sim/share/robot_sim//config/tricycle_drive_controller.yaml
[0.121s] -- Up-to-date: /home/kaban/project_robot_ws_sim/project_robot_ws/sim/install/robot_sim/share/robot_sim//config/gz_bridge.yaml
[0.121s] -- Up-to-date: /home/kaban/project_robot_ws_sim/project_robot_ws/sim/install/robot_sim/share/robot_sim//config/twist_mux.yaml
[0.121s] -- Up-to-date: /home/kaban/project_robot_ws_sim/project_robot_ws/sim/install/robot_sim/share/robot_sim//config/nav2_params_vp.yaml
[0.121s] -- Up-to-date: /home/kaban/project_robot_ws_sim/project_robot_ws/sim/install/robot_sim/share/robot_sim//config/config.rviz
[0.121s] -- Up-to-date: /home/kaban/project_robot_ws_sim/project_robot_ws/sim/install/robot_sim/share/robot_sim//config/slam_test.world
[0.121s] -- Up-to-date: /home/kaban/project_robot_ws_sim/project_robot_ws/sim/install/robot_sim/share/robot_sim//config/nav2_params.yaml
[0.122s] -- Up-to-date: /home/kaban/project_robot_ws_sim/project_robot_ws/sim/install/robot_sim/share/robot_sim//config/cave.sdf
[0.122s] -- Up-to-date: /home/kaban/project_robot_ws_sim/project_robot_ws/sim/install/robot_sim/share/robot_sim//urdf
[0.122s] -- Up-to-date: /home/kaban/project_robot_ws_sim/project_robot_ws/sim/install/robot_sim/share/robot_sim//urdf/full_robot.xacro.urdf
[0.122s] -- Up-to-date: /home/kaban/project_robot_ws_sim/project_robot_ws/sim/install/robot_sim/share/robot_sim//urdf/robot_urdf
[0.122s] -- Up-to-date: /home/kaban/project_robot_ws_sim/project_robot_ws/sim/install/robot_sim/share/robot_sim//urdf/robot_urdf/build
[0.122s] -- Up-to-date: /home/kaban/project_robot_ws_sim/project_robot_ws/sim/install/robot_sim/share/robot_sim//urdf/robot_urdf/build/robot_urdf
[0.122s] -- Up-to-date: /home/kaban/project_robot_ws_sim/project_robot_ws/sim/install/robot_sim/share/robot_sim//urdf/robot_urdf/build/robot_urdf/cmake_args.last
[0.122s] -- Up-to-date: /home/kaban/project_robot_ws_sim/project_robot_ws/sim/install/robot_sim/share/robot_sim//urdf/robot_urdf/build/robot_urdf/colcon_command_prefix_build.sh.env
[0.122s] -- Up-to-date: /home/kaban/project_robot_ws_sim/project_robot_ws/sim/install/robot_sim/share/robot_sim//urdf/robot_urdf/build/robot_urdf/colcon_build.rc
[0.122s] -- Up-to-date: /home/kaban/project_robot_ws_sim/project_robot_ws/sim/install/robot_sim/share/robot_sim//urdf/robot_urdf/build/robot_urdf/CMakeCache.txt
[0.122s] -- Up-to-date: /home/kaban/project_robot_ws_sim/project_robot_ws/sim/install/robot_sim/share/robot_sim//urdf/robot_urdf/build/robot_urdf/colcon_command_prefix_build.sh
[0.122s] -- Up-to-date: /home/kaban/project_robot_ws_sim/project_robot_ws/sim/install/robot_sim/share/robot_sim//urdf/robot_urdf/build/robot_urdf/.cmake
[0.122s] -- Up-to-date: /home/kaban/project_robot_ws_sim/project_robot_ws/sim/install/robot_sim/share/robot_sim//urdf/robot_urdf/build/robot_urdf/.cmake/api
[0.122s] -- Up-to-date: /home/kaban/project_robot_ws_sim/project_robot_ws/sim/install/robot_sim/share/robot_sim//urdf/robot_urdf/build/robot_urdf/.cmake/api/v1
[0.122s] -- Up-to-date: /home/kaban/project_robot_ws_sim/project_robot_ws/sim/install/robot_sim/share/robot_sim//urdf/robot_urdf/build/robot_urdf/.cmake/api/v1/query
[0.122s] -- Up-to-date: /home/kaban/project_robot_ws_sim/project_robot_ws/sim/install/robot_sim/share/robot_sim//urdf/robot_urdf/build/robot_urdf/.cmake/api/v1/query/client-colcon-cmake
[0.122s] -- Up-to-date: /home/kaban/project_robot_ws_sim/project_robot_ws/sim/install/robot_sim/share/robot_sim//urdf/robot_urdf/build/robot_urdf/.cmake/api/v1/query/client-colcon-cmake/codemodel-v2
[0.122s] -- Up-to-date: /home/kaban/project_robot_ws_sim/project_robot_ws/sim/install/robot_sim/share/robot_sim//urdf/robot_urdf/build/robot_urdf/CMakeFiles
[0.122s] -- Up-to-date: /home/kaban/project_robot_ws_sim/project_robot_ws/sim/install/robot_sim/share/robot_sim//urdf/robot_urdf/build/robot_urdf/CMakeFiles/CMakeTmp
[0.122s] -- Up-to-date: /home/kaban/project_robot_ws_sim/project_robot_ws/sim/install/robot_sim/share/robot_sim//urdf/robot_urdf/build/robot_urdf/CMakeFiles/CMakeOutput.log
[0.122s] -- Up-to-date: /home/kaban/project_robot_ws_sim/project_robot_ws/sim/install/robot_sim/share/robot_sim//urdf/robot_urdf/build/robot_urdf/CMakeFiles/cmake.check_cache
[0.122s] -- Up-to-date: /home/kaban/project_robot_ws_sim/project_robot_ws/sim/install/robot_sim/share/robot_sim//urdf/robot_urdf/build/robot_urdf/CMakeFiles/3.22.1
[0.122s] -- Up-to-date: /home/kaban/project_robot_ws_sim/project_robot_ws/sim/install/robot_sim/share/robot_sim//urdf/robot_urdf/build/robot_urdf/CMakeFiles/3.22.1/CMakeDetermineCompilerABI_CXX.bin
[0.122s] -- Up-to-date: /home/kaban/project_robot_ws_sim/project_robot_ws/sim/install/robot_sim/share/robot_sim//urdf/robot_urdf/build/robot_urdf/CMakeFiles/3.22.1/CMakeCCompiler.cmake
[0.123s] -- Up-to-date: /home/kaban/project_robot_ws_sim/project_robot_ws/sim/install/robot_sim/share/robot_sim//urdf/robot_urdf/build/robot_urdf/CMakeFiles/3.22.1/CompilerIdC
[0.123s] -- Up-to-date: /home/kaban/project_robot_ws_sim/project_robot_ws/sim/install/robot_sim/share/robot_sim//urdf/robot_urdf/build/robot_urdf/CMakeFiles/3.22.1/CompilerIdC/a.out
[0.123s] -- Up-to-date: /home/kaban/project_robot_ws_sim/project_robot_ws/sim/install/robot_sim/share/robot_sim//urdf/robot_urdf/build/robot_urdf/CMakeFiles/3.22.1/CompilerIdC/CMakeCCompilerId.c
[0.123s] -- Up-to-date: /home/kaban/project_robot_ws_sim/project_robot_ws/sim/install/robot_sim/share/robot_sim//urdf/robot_urdf/build/robot_urdf/CMakeFiles/3.22.1/CompilerIdC/tmp
[0.123s] -- Up-to-date: /home/kaban/project_robot_ws_sim/project_robot_ws/sim/install/robot_sim/share/robot_sim//urdf/robot_urdf/build/robot_urdf/CMakeFiles/3.22.1/CMakeSystem.cmake
[0.123s] -- Up-to-date: /home/kaban/project_robot_ws_sim/project_robot_ws/sim/install/robot_sim/share/robot_sim//urdf/robot_urdf/build/robot_urdf/CMakeFiles/3.22.1/CMakeCXXCompiler.cmake
[0.123s] -- Up-to-date: /home/kaban/project_robot_ws_sim/project_robot_ws/sim/install/robot_sim/share/robot_sim//urdf/robot_urdf/build/robot_urdf/CMakeFiles/3.22.1/CompilerIdCXX
[0.123s] -- Up-to-date: /home/kaban/project_robot_ws_sim/project_robot_ws/sim/install/robot_sim/share/robot_sim//urdf/robot_urdf/build/robot_urdf/CMakeFiles/3.22.1/CompilerIdCXX/a.out
[0.123s] -- Up-to-date: /home/kaban/project_robot_ws_sim/project_robot_ws/sim/install/robot_sim/share/robot_sim//urdf/robot_urdf/build/robot_urdf/CMakeFiles/3.22.1/CompilerIdCXX/CMakeCXXCompilerId.cpp
[0.123s] -- Up-to-date: /home/kaban/project_robot_ws_sim/project_robot_ws/sim/install/robot_sim/share/robot_sim//urdf/robot_urdf/build/robot_urdf/CMakeFiles/3.22.1/CompilerIdCXX/tmp
[0.123s] -- Up-to-date: /home/kaban/project_robot_ws_sim/project_robot_ws/sim/install/robot_sim/share/robot_sim//urdf/robot_urdf/build/robot_urdf/CMakeFiles/3.22.1/CMakeDetermineCompilerABI_C.bin
[0.123s] -- Up-to-date: /home/kaban/project_robot_ws_sim/project_robot_ws/sim/install/robot_sim/share/robot_sim//urdf/robot_urdf/build/.built_by
[0.123s] -- Up-to-date: /home/kaban/project_robot_ws_sim/project_robot_ws/sim/install/robot_sim/share/robot_sim//urdf/robot_urdf/build/COLCON_IGNORE
[0.123s] -- Up-to-date: /home/kaban/project_robot_ws_sim/project_robot_ws/sim/install/robot_sim/share/robot_sim//urdf/robot_urdf/config
[0.123s] -- Up-to-date: /home/kaban/project_robot_ws_sim/project_robot_ws/sim/install/robot_sim/share/robot_sim//urdf/robot_urdf/config/joint_names_robot_urdf.yaml
[0.123s] -- Up-to-date: /home/kaban/project_robot_ws_sim/project_robot_ws/sim/install/robot_sim/share/robot_sim//urdf/robot_urdf/CMakeLists.txt
[0.123s] -- Up-to-date: /home/kaban/project_robot_ws_sim/project_robot_ws/sim/install/robot_sim/share/robot_sim//urdf/robot_urdf/install
[0.123s] -- Up-to-date: /home/kaban/project_robot_ws_sim/project_robot_ws/sim/install/robot_sim/share/robot_sim//urdf/robot_urdf/install/local_setup.ps1
[0.123s] -- Up-to-date: /home/kaban/project_robot_ws_sim/project_robot_ws/sim/install/robot_sim/share/robot_sim//urdf/robot_urdf/install/.colcon_install_layout
[0.123s] -- Up-to-date: /home/kaban/project_robot_ws_sim/project_robot_ws/sim/install/robot_sim/share/robot_sim//urdf/robot_urdf/install/_local_setup_util_sh.py
[0.123s] -- Up-to-date: /home/kaban/project_robot_ws_sim/project_robot_ws/sim/install/robot_sim/share/robot_sim//urdf/robot_urdf/install/setup.bash
[0.123s] -- Up-to-date: /home/kaban/project_robot_ws_sim/project_robot_ws/sim/install/robot_sim/share/robot_sim//urdf/robot_urdf/install/robot_urdf
[0.123s] -- Up-to-date: /home/kaban/project_robot_ws_sim/project_robot_ws/sim/install/robot_sim/share/robot_sim//urdf/robot_urdf/install/robot_urdf/share
[0.123s] -- Up-to-date: /home/kaban/project_robot_ws_sim/project_robot_ws/sim/install/robot_sim/share/robot_sim//urdf/robot_urdf/install/robot_urdf/share/robot_urdf
[0.123s] -- Up-to-date: /home/kaban/project_robot_ws_sim/project_robot_ws/sim/install/robot_sim/share/robot_sim//urdf/robot_urdf/install/robot_urdf/share/robot_urdf/package.dsv
[0.123s] -- Up-to-date: /home/kaban/project_robot_ws_sim/project_robot_ws/sim/install/robot_sim/share/robot_sim//urdf/robot_urdf/install/robot_urdf/share/robot_urdf/package.ps1
[0.123s] -- Up-to-date: /home/kaban/project_robot_ws_sim/project_robot_ws/sim/install/robot_sim/share/robot_sim//urdf/robot_urdf/install/robot_urdf/share/robot_urdf/package.zsh
[0.123s] -- Up-to-date: /home/kaban/project_robot_ws_sim/project_robot_ws/sim/install/robot_sim/share/robot_sim//urdf/robot_urdf/install/robot_urdf/share/robot_urdf/package.bash
[0.123s] -- Up-to-date: /home/kaban/project_robot_ws_sim/project_robot_ws/sim/install/robot_sim/share/robot_sim//urdf/robot_urdf/install/robot_urdf/share/robot_urdf/package.sh
[0.123s] -- Up-to-date: /home/kaban/project_robot_ws_sim/project_robot_ws/sim/install/robot_sim/share/robot_sim//urdf/robot_urdf/install/robot_urdf/share/colcon-core
[0.123s] -- Up-to-date: /home/kaban/project_robot_ws_sim/project_robot_ws/sim/install/robot_sim/share/robot_sim//urdf/robot_urdf/install/robot_urdf/share/colcon-core/packages
[0.123s] -- Up-to-date: /home/kaban/project_robot_ws_sim/project_robot_ws/sim/install/robot_sim/share/robot_sim//urdf/robot_urdf/install/robot_urdf/share/colcon-core/packages/robot_urdf
[0.124s] -- Up-to-date: /home/kaban/project_robot_ws_sim/project_robot_ws/sim/install/robot_sim/share/robot_sim//urdf/robot_urdf/install/robot_urdf/.catkin
[0.124s] -- Up-to-date: /home/kaban/project_robot_ws_sim/project_robot_ws/sim/install/robot_sim/share/robot_sim//urdf/robot_urdf/install/COLCON_IGNORE
[0.124s] -- Up-to-date: /home/kaban/project_robot_ws_sim/project_robot_ws/sim/install/robot_sim/share/robot_sim//urdf/robot_urdf/install/local_setup.bash
[0.124s] -- Up-to-date: /home/kaban/project_robot_ws_sim/project_robot_ws/sim/install/robot_sim/share/robot_sim//urdf/robot_urdf/install/setup.ps1
[0.124s] -- Up-to-date: /home/kaban/project_robot_ws_sim/project_robot_ws/sim/install/robot_sim/share/robot_sim//urdf/robot_urdf/install/local_setup.sh
[0.124s] -- Up-to-date: /home/kaban/project_robot_ws_sim/project_robot_ws/sim/install/robot_sim/share/robot_sim//urdf/robot_urdf/install/setup.zsh
[0.124s] -- Up-to-date: /home/kaban/project_robot_ws_sim/project_robot_ws/sim/install/robot_sim/share/robot_sim//urdf/robot_urdf/install/_local_setup_util_ps1.py
[0.124s] -- Up-to-date: /home/kaban/project_robot_ws_sim/project_robot_ws/sim/install/robot_sim/share/robot_sim//urdf/robot_urdf/install/local_setup.zsh
[0.124s] -- Up-to-date: /home/kaban/project_robot_ws_sim/project_robot_ws/sim/install/robot_sim/share/robot_sim//urdf/robot_urdf/install/setup.sh
[0.124s] -- Up-to-date: /home/kaban/project_robot_ws_sim/project_robot_ws/sim/install/robot_sim/share/robot_sim//urdf/robot_urdf/launch
[0.124s] -- Up-to-date: /home/kaban/project_robot_ws_sim/project_robot_ws/sim/install/robot_sim/share/robot_sim//urdf/robot_urdf/launch/gazebo.launch
[0.124s] -- Up-to-date: /home/kaban/project_robot_ws_sim/project_robot_ws/sim/install/robot_sim/share/robot_sim//urdf/robot_urdf/launch/display.launch
[0.124s] -- Up-to-date: /home/kaban/project_robot_ws_sim/project_robot_ws/sim/install/robot_sim/share/robot_sim//urdf/robot_urdf/export.log
[0.124s] -- Up-to-date: /home/kaban/project_robot_ws_sim/project_robot_ws/sim/install/robot_sim/share/robot_sim//urdf/robot_urdf/urdf
[0.124s] -- Up-to-date: /home/kaban/project_robot_ws_sim/project_robot_ws/sim/install/robot_sim/share/robot_sim//urdf/robot_urdf/urdf/robot_urdf.csv
[0.124s] -- Up-to-date: /home/kaban/project_robot_ws_sim/project_robot_ws/sim/install/robot_sim/share/robot_sim//urdf/robot_urdf/urdf/robot_urdf.urdf
[0.124s] -- Up-to-date: /home/kaban/project_robot_ws_sim/project_robot_ws/sim/install/robot_sim/share/robot_sim//urdf/robot_urdf/log
[0.124s] -- Up-to-date: /home/kaban/project_robot_ws_sim/project_robot_ws/sim/install/robot_sim/share/robot_sim//urdf/robot_urdf/log/COLCON_IGNORE
[0.124s] -- Up-to-date: /home/kaban/project_robot_ws_sim/project_robot_ws/sim/install/robot_sim/share/robot_sim//urdf/robot_urdf/log/build_2025-05-05_10-50-29
[0.124s] -- Up-to-date: /home/kaban/project_robot_ws_sim/project_robot_ws/sim/install/robot_sim/share/robot_sim//urdf/robot_urdf/log/build_2025-05-05_10-50-29/robot_urdf
[0.124s] -- Up-to-date: /home/kaban/project_robot_ws_sim/project_robot_ws/sim/install/robot_sim/share/robot_sim//urdf/robot_urdf/log/build_2025-05-05_10-50-29/robot_urdf/stdout_stderr.log
[0.124s] -- Up-to-date: /home/kaban/project_robot_ws_sim/project_robot_ws/sim/install/robot_sim/share/robot_sim//urdf/robot_urdf/log/build_2025-05-05_10-50-29/robot_urdf/stdout.log
[0.124s] -- Up-to-date: /home/kaban/project_robot_ws_sim/project_robot_ws/sim/install/robot_sim/share/robot_sim//urdf/robot_urdf/log/build_2025-05-05_10-50-29/robot_urdf/streams.log
[0.124s] -- Up-to-date: /home/kaban/project_robot_ws_sim/project_robot_ws/sim/install/robot_sim/share/robot_sim//urdf/robot_urdf/log/build_2025-05-05_10-50-29/robot_urdf/command.log
[0.124s] -- Up-to-date: /home/kaban/project_robot_ws_sim/project_robot_ws/sim/install/robot_sim/share/robot_sim//urdf/robot_urdf/log/build_2025-05-05_10-50-29/robot_urdf/stderr.log
[0.124s] -- Up-to-date: /home/kaban/project_robot_ws_sim/project_robot_ws/sim/install/robot_sim/share/robot_sim//urdf/robot_urdf/log/build_2025-05-05_10-50-29/logger_all.log
[0.124s] -- Up-to-date: /home/kaban/project_robot_ws_sim/project_robot_ws/sim/install/robot_sim/share/robot_sim//urdf/robot_urdf/log/build_2025-05-05_10-50-29/events.log
[0.124s] -- Up-to-date: /home/kaban/project_robot_ws_sim/project_robot_ws/sim/install/robot_sim/share/robot_sim//urdf/robot_urdf/textures
[0.124s] -- Up-to-date: /home/kaban/project_robot_ws_sim/project_robot_ws/sim/install/robot_sim/share/robot_sim//urdf/robot_urdf/meshes
[0.125s] -- Up-to-date: /home/kaban/project_robot_ws_sim/project_robot_ws/sim/install/robot_sim/share/robot_sim//urdf/robot_urdf/meshes/link_lidar.STL
[0.125s] -- Up-to-date: /home/kaban/project_robot_ws_sim/project_robot_ws/sim/install/robot_sim/share/robot_sim//urdf/robot_urdf/meshes/link_laser.STL
[0.125s] -- Up-to-date: /home/kaban/project_robot_ws_sim/project_robot_ws/sim/install/robot_sim/share/robot_sim//urdf/robot_urdf/meshes/link_depth_camera.STL
[0.125s] -- Up-to-date: /home/kaban/project_robot_ws_sim/project_robot_ws/sim/install/robot_sim/share/robot_sim//urdf/robot_urdf/meshes/link_wheel_rear_right.STL
[0.125s] -- Up-to-date: /home/kaban/project_robot_ws_sim/project_robot_ws/sim/install/robot_sim/share/robot_sim//urdf/robot_urdf/meshes/link_steering_pinion.STL
[0.125s] -- Up-to-date: /home/kaban/project_robot_ws_sim/project_robot_ws/sim/install/robot_sim/share/robot_sim//urdf/robot_urdf/meshes/link_wheel_rear_left.STL
[0.125s] -- Up-to-date: /home/kaban/project_robot_ws_sim/project_robot_ws/sim/install/robot_sim/share/robot_sim//urdf/robot_urdf/meshes/link_steering_rack.STL
[0.125s] -- Up-to-date: /home/kaban/project_robot_ws_sim/project_robot_ws/sim/install/robot_sim/share/robot_sim//urdf/robot_urdf/meshes/base_link.STL
[0.125s] -- Up-to-date: /home/kaban/project_robot_ws_sim/project_robot_ws/sim/install/robot_sim/share/robot_sim//urdf/robot_urdf/meshes/link_steering_rods.STL
[0.125s] -- Up-to-date: /home/kaban/project_robot_ws_sim/project_robot_ws/sim/install/robot_sim/share/robot_sim//urdf/robot_urdf/package.xml
[0.125s] -- Up-to-date: /home/kaban/project_robot_ws_sim/project_robot_ws/sim/install/robot_sim/share/robot_sim//urdf/lidar.xacro
[0.125s] -- Installing: /home/kaban/project_robot_ws_sim/project_robot_ws/sim/install/robot_sim/share/robot_sim//urdf/test_tricycle_drive.xacro.urdf
[0.125s] -- Up-to-date: /home/kaban/project_robot_ws_sim/project_robot_ws/sim/install/robot_sim/share/robot_sim//urdf/inertial_macros.xacro
[0.125s] -- Up-to-date: /home/kaban/project_robot_ws_sim/project_robot_ws/sim/install/robot_sim/share/robot_sim//urdf/meshes
[0.125s] -- Up-to-date: /home/kaban/project_robot_ws_sim/project_robot_ws/sim/install/robot_sim/share/robot_sim//urdf/meshes/link_lidar.STL
[0.125s] -- Up-to-date: /home/kaban/project_robot_ws_sim/project_robot_ws/sim/install/robot_sim/share/robot_sim//urdf/meshes/link_laser.STL
[0.125s] -- Up-to-date: /home/kaban/project_robot_ws_sim/project_robot_ws/sim/install/robot_sim/share/robot_sim//urdf/meshes/link_depth_camera.STL
[0.125s] -- Up-to-date: /home/kaban/project_robot_ws_sim/project_robot_ws/sim/install/robot_sim/share/robot_sim//urdf/meshes/link_wheel_rear_right.STL
[0.125s] -- Up-to-date: /home/kaban/project_robot_ws_sim/project_robot_ws/sim/install/robot_sim/share/robot_sim//urdf/meshes/link_steering_pinion.STL
[0.125s] -- Up-to-date: /home/kaban/project_robot_ws_sim/project_robot_ws/sim/install/robot_sim/share/robot_sim//urdf/meshes/link_wheel_rear_left.STL
[0.125s] -- Up-to-date: /home/kaban/project_robot_ws_sim/project_robot_ws/sim/install/robot_sim/share/robot_sim//urdf/meshes/link_steering_rack.STL
[0.125s] -- Up-to-date: /home/kaban/project_robot_ws_sim/project_robot_ws/sim/install/robot_sim/share/robot_sim//urdf/meshes/base_link.STL
[0.125s] -- Up-to-date: /home/kaban/project_robot_ws_sim/project_robot_ws/sim/install/robot_sim/share/robot_sim//urdf/meshes/link_steering_rods.STL
[0.125s] -- Up-to-date: /home/kaban/project_robot_ws_sim/project_robot_ws/sim/install/robot_sim/share/robot_sim//worlds
[0.125s] -- Up-to-date: /home/kaban/project_robot_ws_sim/project_robot_ws/sim/install/robot_sim/share/robot_sim//worlds/empty.world
[0.125s] -- Up-to-date: /home/kaban/project_robot_ws_sim/project_robot_ws/sim/install/robot_sim/share/urdf
[0.125s] -- Up-to-date: /home/kaban/project_robot_ws_sim/project_robot_ws/sim/install/robot_sim/share/urdf/full_robot.xacro.urdf
[0.125s] -- Up-to-date: /home/kaban/project_robot_ws_sim/project_robot_ws/sim/install/robot_sim/share/urdf/robot_urdf
[0.125s] -- Up-to-date: /home/kaban/project_robot_ws_sim/project_robot_ws/sim/install/robot_sim/share/urdf/robot_urdf/build
[0.126s] -- Up-to-date: /home/kaban/project_robot_ws_sim/project_robot_ws/sim/install/robot_sim/share/urdf/robot_urdf/build/robot_urdf
[0.126s] -- Up-to-date: /home/kaban/project_robot_ws_sim/project_robot_ws/sim/install/robot_sim/share/urdf/robot_urdf/build/robot_urdf/cmake_args.last
[0.126s] -- Up-to-date: /home/kaban/project_robot_ws_sim/project_robot_ws/sim/install/robot_sim/share/urdf/robot_urdf/build/robot_urdf/colcon_command_prefix_build.sh.env
[0.126s] -- Up-to-date: /home/kaban/project_robot_ws_sim/project_robot_ws/sim/install/robot_sim/share/urdf/robot_urdf/build/robot_urdf/colcon_build.rc
[0.126s] -- Up-to-date: /home/kaban/project_robot_ws_sim/project_robot_ws/sim/install/robot_sim/share/urdf/robot_urdf/build/robot_urdf/CMakeCache.txt
[0.126s] -- Up-to-date: /home/kaban/project_robot_ws_sim/project_robot_ws/sim/install/robot_sim/share/urdf/robot_urdf/build/robot_urdf/colcon_command_prefix_build.sh
[0.126s] -- Up-to-date: /home/kaban/project_robot_ws_sim/project_robot_ws/sim/install/robot_sim/share/urdf/robot_urdf/build/robot_urdf/.cmake
[0.126s] -- Up-to-date: /home/kaban/project_robot_ws_sim/project_robot_ws/sim/install/robot_sim/share/urdf/robot_urdf/build/robot_urdf/.cmake/api
[0.126s] -- Up-to-date: /home/kaban/project_robot_ws_sim/project_robot_ws/sim/install/robot_sim/share/urdf/robot_urdf/build/robot_urdf/.cmake/api/v1
[0.126s] -- Up-to-date: /home/kaban/project_robot_ws_sim/project_robot_ws/sim/install/robot_sim/share/urdf/robot_urdf/build/robot_urdf/.cmake/api/v1/query
[0.126s] -- Up-to-date: /home/kaban/project_robot_ws_sim/project_robot_ws/sim/install/robot_sim/share/urdf/robot_urdf/build/robot_urdf/.cmake/api/v1/query/client-colcon-cmake
[0.126s] -- Up-to-date: /home/kaban/project_robot_ws_sim/project_robot_ws/sim/install/robot_sim/share/urdf/robot_urdf/build/robot_urdf/.cmake/api/v1/query/client-colcon-cmake/codemodel-v2
[0.127s] -- Up-to-date: /home/kaban/project_robot_ws_sim/project_robot_ws/sim/install/robot_sim/share/urdf/robot_urdf/build/robot_urdf/CMakeFiles
[0.127s] -- Up-to-date: /home/kaban/project_robot_ws_sim/project_robot_ws/sim/install/robot_sim/share/urdf/robot_urdf/build/robot_urdf/CMakeFiles/CMakeTmp
[0.127s] -- Up-to-date: /home/kaban/project_robot_ws_sim/project_robot_ws/sim/install/robot_sim/share/urdf/robot_urdf/build/robot_urdf/CMakeFiles/CMakeOutput.log
[0.127s] -- Up-to-date: /home/kaban/project_robot_ws_sim/project_robot_ws/sim/install/robot_sim/share/urdf/robot_urdf/build/robot_urdf/CMakeFiles/cmake.check_cache
[0.127s] -- Up-to-date: /home/kaban/project_robot_ws_sim/project_robot_ws/sim/install/robot_sim/share/urdf/robot_urdf/build/robot_urdf/CMakeFiles/3.22.1
[0.127s] -- Up-to-date: /home/kaban/project_robot_ws_sim/project_robot_ws/sim/install/robot_sim/share/urdf/robot_urdf/build/robot_urdf/CMakeFiles/3.22.1/CMakeDetermineCompilerABI_CXX.bin
[0.127s] -- Up-to-date: /home/kaban/project_robot_ws_sim/project_robot_ws/sim/install/robot_sim/share/urdf/robot_urdf/build/robot_urdf/CMakeFiles/3.22.1/CMakeCCompiler.cmake
[0.127s] -- Up-to-date: /home/kaban/project_robot_ws_sim/project_robot_ws/sim/install/robot_sim/share/urdf/robot_urdf/build/robot_urdf/CMakeFiles/3.22.1/CompilerIdC
[0.127s] -- Up-to-date: /home/kaban/project_robot_ws_sim/project_robot_ws/sim/install/robot_sim/share/urdf/robot_urdf/build/robot_urdf/CMakeFiles/3.22.1/CompilerIdC/a.out
[0.127s] -- Up-to-date: /home/kaban/project_robot_ws_sim/project_robot_ws/sim/install/robot_sim/share/urdf/robot_urdf/build/robot_urdf/CMakeFiles/3.22.1/CompilerIdC/CMakeCCompilerId.c
[0.127s] -- Up-to-date: /home/kaban/project_robot_ws_sim/project_robot_ws/sim/install/robot_sim/share/urdf/robot_urdf/build/robot_urdf/CMakeFiles/3.22.1/CompilerIdC/tmp
[0.127s] -- Up-to-date: /home/kaban/project_robot_ws_sim/project_robot_ws/sim/install/robot_sim/share/urdf/robot_urdf/build/robot_urdf/CMakeFiles/3.22.1/CMakeSystem.cmake
[0.127s] -- Up-to-date: /home/kaban/project_robot_ws_sim/project_robot_ws/sim/install/robot_sim/share/urdf/robot_urdf/build/robot_urdf/CMakeFiles/3.22.1/CMakeCXXCompiler.cmake
[0.127s] -- Up-to-date: /home/kaban/project_robot_ws_sim/project_robot_ws/sim/install/robot_sim/share/urdf/robot_urdf/build/robot_urdf/CMakeFiles/3.22.1/CompilerIdCXX
[0.127s] -- Up-to-date: /home/kaban/project_robot_ws_sim/project_robot_ws/sim/install/robot_sim/share/urdf/robot_urdf/build/robot_urdf/CMakeFiles/3.22.1/CompilerIdCXX/a.out
[0.127s] -- Up-to-date: /home/kaban/project_robot_ws_sim/project_robot_ws/sim/install/robot_sim/share/urdf/robot_urdf/build/robot_urdf/CMakeFiles/3.22.1/CompilerIdCXX/CMakeCXXCompilerId.cpp
[0.127s] -- Up-to-date: /home/kaban/project_robot_ws_sim/project_robot_ws/sim/install/robot_sim/share/urdf/robot_urdf/build/robot_urdf/CMakeFiles/3.22.1/CompilerIdCXX/tmp
[0.127s] -- Up-to-date: /home/kaban/project_robot_ws_sim/project_robot_ws/sim/install/robot_sim/share/urdf/robot_urdf/build/robot_urdf/CMakeFiles/3.22.1/CMakeDetermineCompilerABI_C.bin
[0.127s] -- Up-to-date: /home/kaban/project_robot_ws_sim/project_robot_ws/sim/install/robot_sim/share/urdf/robot_urdf/build/.built_by
[0.127s] -- Up-to-date: /home/kaban/project_robot_ws_sim/project_robot_ws/sim/install/robot_sim/share/urdf/robot_urdf/build/COLCON_IGNORE
[0.127s] -- Up-to-date: /home/kaban/project_robot_ws_sim/project_robot_ws/sim/install/robot_sim/share/urdf/robot_urdf/config
[0.127s] -- Up-to-date: /home/kaban/project_robot_ws_sim/project_robot_ws/sim/install/robot_sim/share/urdf/robot_urdf/config/joint_names_robot_urdf.yaml
[0.127s] -- Up-to-date: /home/kaban/project_robot_ws_sim/project_robot_ws/sim/install/robot_sim/share/urdf/robot_urdf/CMakeLists.txt
[0.127s] -- Up-to-date: /home/kaban/project_robot_ws_sim/project_robot_ws/sim/install/robot_sim/share/urdf/robot_urdf/install
[0.127s] -- Up-to-date: /home/kaban/project_robot_ws_sim/project_robot_ws/sim/install/robot_sim/share/urdf/robot_urdf/install/local_setup.ps1
[0.127s] -- Up-to-date: /home/kaban/project_robot_ws_sim/project_robot_ws/sim/install/robot_sim/share/urdf/robot_urdf/install/.colcon_install_layout
[0.128s] -- Up-to-date: /home/kaban/project_robot_ws_sim/project_robot_ws/sim/install/robot_sim/share/urdf/robot_urdf/install/_local_setup_util_sh.py
[0.128s] -- Up-to-date: /home/kaban/project_robot_ws_sim/project_robot_ws/sim/install/robot_sim/share/urdf/robot_urdf/install/setup.bash
[0.128s] -- Up-to-date: /home/kaban/project_robot_ws_sim/project_robot_ws/sim/install/robot_sim/share/urdf/robot_urdf/install/robot_urdf
[0.128s] -- Up-to-date: /home/kaban/project_robot_ws_sim/project_robot_ws/sim/install/robot_sim/share/urdf/robot_urdf/install/robot_urdf/share
[0.128s] -- Up-to-date: /home/kaban/project_robot_ws_sim/project_robot_ws/sim/install/robot_sim/share/urdf/robot_urdf/install/robot_urdf/share/robot_urdf
[0.128s] -- Up-to-date: /home/kaban/project_robot_ws_sim/project_robot_ws/sim/install/robot_sim/share/urdf/robot_urdf/install/robot_urdf/share/robot_urdf/package.dsv
[0.128s] -- Up-to-date: /home/kaban/project_robot_ws_sim/project_robot_ws/sim/install/robot_sim/share/urdf/robot_urdf/install/robot_urdf/share/robot_urdf/package.ps1
[0.128s] -- Up-to-date: /home/kaban/project_robot_ws_sim/project_robot_ws/sim/install/robot_sim/share/urdf/robot_urdf/install/robot_urdf/share/robot_urdf/package.zsh
[0.128s] -- Up-to-date: /home/kaban/project_robot_ws_sim/project_robot_ws/sim/install/robot_sim/share/urdf/robot_urdf/install/robot_urdf/share/robot_urdf/package.bash
[0.128s] -- Up-to-date: /home/kaban/project_robot_ws_sim/project_robot_ws/sim/install/robot_sim/share/urdf/robot_urdf/install/robot_urdf/share/robot_urdf/package.sh
[0.128s] -- Up-to-date: /home/kaban/project_robot_ws_sim/project_robot_ws/sim/install/robot_sim/share/urdf/robot_urdf/install/robot_urdf/share/colcon-core
[0.128s] -- Up-to-date: /home/kaban/project_robot_ws_sim/project_robot_ws/sim/install/robot_sim/share/urdf/robot_urdf/install/robot_urdf/share/colcon-core/packages
[0.128s] -- Up-to-date: /home/kaban/project_robot_ws_sim/project_robot_ws/sim/install/robot_sim/share/urdf/robot_urdf/install/robot_urdf/share/colcon-core/packages/robot_urdf
[0.128s] -- Up-to-date: /home/kaban/project_robot_ws_sim/project_robot_ws/sim/install/robot_sim/share/urdf/robot_urdf/install/robot_urdf/.catkin
[0.128s] -- Up-to-date: /home/kaban/project_robot_ws_sim/project_robot_ws/sim/install/robot_sim/share/urdf/robot_urdf/install/COLCON_IGNORE
[0.129s] -- Up-to-date: /home/kaban/project_robot_ws_sim/project_robot_ws/sim/install/robot_sim/share/urdf/robot_urdf/install/local_setup.bash
[0.129s] -- Up-to-date: /home/kaban/project_robot_ws_sim/project_robot_ws/sim/install/robot_sim/share/urdf/robot_urdf/install/setup.ps1
[0.129s] -- Up-to-date: /home/kaban/project_robot_ws_sim/project_robot_ws/sim/install/robot_sim/share/urdf/robot_urdf/install/local_setup.sh
[0.129s] -- Up-to-date: /home/kaban/project_robot_ws_sim/project_robot_ws/sim/install/robot_sim/share/urdf/robot_urdf/install/setup.zsh
[0.129s] -- Up-to-date: /home/kaban/project_robot_ws_sim/project_robot_ws/sim/install/robot_sim/share/urdf/robot_urdf/install/_local_setup_util_ps1.py
[0.129s] -- Up-to-date: /home/kaban/project_robot_ws_sim/project_robot_ws/sim/install/robot_sim/share/urdf/robot_urdf/install/local_setup.zsh
[0.129s] -- Up-to-date: /home/kaban/project_robot_ws_sim/project_robot_ws/sim/install/robot_sim/share/urdf/robot_urdf/install/setup.sh
[0.129s] -- Up-to-date: /home/kaban/project_robot_ws_sim/project_robot_ws/sim/install/robot_sim/share/urdf/robot_urdf/launch
[0.130s] -- Up-to-date: /home/kaban/project_robot_ws_sim/project_robot_ws/sim/install/robot_sim/share/urdf/robot_urdf/launch/gazebo.launch
[0.130s] -- Up-to-date: /home/kaban/project_robot_ws_sim/project_robot_ws/sim/install/robot_sim/share/urdf/robot_urdf/launch/display.launch
[0.130s] -- Up-to-date: /home/kaban/project_robot_ws_sim/project_robot_ws/sim/install/robot_sim/share/urdf/robot_urdf/export.log
[0.130s] -- Up-to-date: /home/kaban/project_robot_ws_sim/project_robot_ws/sim/install/robot_sim/share/urdf/robot_urdf/urdf
[0.130s] -- Up-to-date: /home/kaban/project_robot_ws_sim/project_robot_ws/sim/install/robot_sim/share/urdf/robot_urdf/urdf/robot_urdf.csv
[0.130s] -- Up-to-date: /home/kaban/project_robot_ws_sim/project_robot_ws/sim/install/robot_sim/share/urdf/robot_urdf/urdf/robot_urdf.urdf
[0.130s] -- Up-to-date: /home/kaban/project_robot_ws_sim/project_robot_ws/sim/install/robot_sim/share/urdf/robot_urdf/log
[0.130s] -- Up-to-date: /home/kaban/project_robot_ws_sim/project_robot_ws/sim/install/robot_sim/share/urdf/robot_urdf/log/COLCON_IGNORE
[0.130s] -- Up-to-date: /home/kaban/project_robot_ws_sim/project_robot_ws/sim/install/robot_sim/share/urdf/robot_urdf/log/build_2025-05-05_10-50-29
[0.130s] -- Up-to-date: /home/kaban/project_robot_ws_sim/project_robot_ws/sim/install/robot_sim/share/urdf/robot_urdf/log/build_2025-05-05_10-50-29/robot_urdf
[0.130s] -- Up-to-date: /home/kaban/project_robot_ws_sim/project_robot_ws/sim/install/robot_sim/share/urdf/robot_urdf/log/build_2025-05-05_10-50-29/robot_urdf/stdout_stderr.log
[0.130s] -- Up-to-date: /home/kaban/project_robot_ws_sim/project_robot_ws/sim/install/robot_sim/share/urdf/robot_urdf/log/build_2025-05-05_10-50-29/robot_urdf/stdout.log
[0.130s] -- Up-to-date: /home/kaban/project_robot_ws_sim/project_robot_ws/sim/install/robot_sim/share/urdf/robot_urdf/log/build_2025-05-05_10-50-29/robot_urdf/streams.log
[0.130s] -- Up-to-date: /home/kaban/project_robot_ws_sim/project_robot_ws/sim/install/robot_sim/share/urdf/robot_urdf/log/build_2025-05-05_10-50-29/robot_urdf/command.log
[0.130s] -- Up-to-date: /home/kaban/project_robot_ws_sim/project_robot_ws/sim/install/robot_sim/share/urdf/robot_urdf/log/build_2025-05-05_10-50-29/robot_urdf/stderr.log
[0.130s] -- Up-to-date: /home/kaban/project_robot_ws_sim/project_robot_ws/sim/install/robot_sim/share/urdf/robot_urdf/log/build_2025-05-05_10-50-29/logger_all.log
[0.130s] -- Up-to-date: /home/kaban/project_robot_ws_sim/project_robot_ws/sim/install/robot_sim/share/urdf/robot_urdf/log/build_2025-05-05_10-50-29/events.log
[0.130s] -- Up-to-date: /home/kaban/project_robot_ws_sim/project_robot_ws/sim/install/robot_sim/share/urdf/robot_urdf/textures
[0.130s] -- Up-to-date: /home/kaban/project_robot_ws_sim/project_robot_ws/sim/install/robot_sim/share/urdf/robot_urdf/meshes
[0.130s] -- Up-to-date: /home/kaban/project_robot_ws_sim/project_robot_ws/sim/install/robot_sim/share/urdf/robot_urdf/meshes/link_lidar.STL
[0.130s] -- Up-to-date: /home/kaban/project_robot_ws_sim/project_robot_ws/sim/install/robot_sim/share/urdf/robot_urdf/meshes/link_laser.STL
[0.130s] -- Up-to-date: /home/kaban/project_robot_ws_sim/project_robot_ws/sim/install/robot_sim/share/urdf/robot_urdf/meshes/link_depth_camera.STL
[0.131s] -- Up-to-date: /home/kaban/project_robot_ws_sim/project_robot_ws/sim/install/robot_sim/share/urdf/robot_urdf/meshes/link_wheel_rear_right.STL
[0.131s] -- Up-to-date: /home/kaban/project_robot_ws_sim/project_robot_ws/sim/install/robot_sim/share/urdf/robot_urdf/meshes/link_steering_pinion.STL
[0.131s] -- Up-to-date: /home/kaban/project_robot_ws_sim/project_robot_ws/sim/install/robot_sim/share/urdf/robot_urdf/meshes/link_wheel_rear_left.STL
[0.131s] -- Up-to-date: /home/kaban/project_robot_ws_sim/project_robot_ws/sim/install/robot_sim/share/urdf/robot_urdf/meshes/link_steering_rack.STL
[0.131s] -- Up-to-date: /home/kaban/project_robot_ws_sim/project_robot_ws/sim/install/robot_sim/share/urdf/robot_urdf/meshes/base_link.STL
[0.131s] -- Up-to-date: /home/kaban/project_robot_ws_sim/project_robot_ws/sim/install/robot_sim/share/urdf/robot_urdf/meshes/link_steering_rods.STL
[0.131s] -- Up-to-date: /home/kaban/project_robot_ws_sim/project_robot_ws/sim/install/robot_sim/share/urdf/robot_urdf/package.xml
[0.131s] -- Up-to-date: /home/kaban/project_robot_ws_sim/project_robot_ws/sim/install/robot_sim/share/urdf/lidar.xacro
[0.131s] -- Installing: /home/kaban/project_robot_ws_sim/project_robot_ws/sim/install/robot_sim/share/urdf/test_tricycle_drive.xacro.urdf
[0.131s] -- Up-to-date: /home/kaban/project_robot_ws_sim/project_robot_ws/sim/install/robot_sim/share/urdf/inertial_macros.xacro
[0.131s] -- Up-to-date: /home/kaban/project_robot_ws_sim/project_robot_ws/sim/install/robot_sim/share/urdf/meshes
[0.131s] -- Up-to-date: /home/kaban/project_robot_ws_sim/project_robot_ws/sim/install/robot_sim/share/urdf/meshes/link_lidar.STL
[0.131s] -- Up-to-date: /home/kaban/project_robot_ws_sim/project_robot_ws/sim/install/robot_sim/share/urdf/meshes/link_laser.STL
[0.131s] -- Up-to-date: /home/kaban/project_robot_ws_sim/project_robot_ws/sim/install/robot_sim/share/urdf/meshes/link_depth_camera.STL
[0.131s] -- Up-to-date: /home/kaban/project_robot_ws_sim/project_robot_ws/sim/install/robot_sim/share/urdf/meshes/link_wheel_rear_right.STL
[0.131s] -- Up-to-date: /home/kaban/project_robot_ws_sim/project_robot_ws/sim/install/robot_sim/share/urdf/meshes/link_steering_pinion.STL
[0.132s] -- Up-to-date: /home/kaban/project_robot_ws_sim/project_robot_ws/sim/install/robot_sim/share/urdf/meshes/link_wheel_rear_left.STL
[0.132s] -- Up-to-date: /home/kaban/project_robot_ws_sim/project_robot_ws/sim/install/robot_sim/share/urdf/meshes/link_steering_rack.STL
[0.132s] -- Up-to-date: /home/kaban/project_robot_ws_sim/project_robot_ws/sim/install/robot_sim/share/urdf/meshes/base_link.STL
[0.132s] -- Up-to-date: /home/kaban/project_robot_ws_sim/project_robot_ws/sim/install/robot_sim/share/urdf/meshes/link_steering_rods.STL
[0.132s] -- Up-to-date: /home/kaban/project_robot_ws_sim/project_robot_ws/sim/install/robot_sim/lib/robot_sim/example_tricycle_drive
[0.132s] -- Up-to-date: /home/kaban/project_robot_ws_sim/project_robot_ws/sim/install/robot_sim/share/robot_sim/environment/sim.dsv
[0.132s] -- Up-to-date: /home/kaban/project_robot_ws_sim/project_robot_ws/sim/install/robot_sim/share/robot_sim/environment/sim.sh
[0.132s] -- Up-to-date: /home/kaban/project_robot_ws_sim/project_robot_ws/sim/install/robot_sim/share/ament_index/resource_index/package_run_dependencies/robot_sim
[0.132s] -- Up-to-date: /home/kaban/project_robot_ws_sim/project_robot_ws/sim/install/robot_sim/share/ament_index/resource_index/parent_prefix_path/robot_sim
[0.132s] -- Up-to-date: /home/kaban/project_robot_ws_sim/project_robot_ws/sim/install/robot_sim/share/robot_sim/environment/ament_prefix_path.sh
[0.132s] -- Up-to-date: /home/kaban/project_robot_ws_sim/project_robot_ws/sim/install/robot_sim/share/robot_sim/environment/ament_prefix_path.dsv
[0.132s] -- Up-to-date: /home/kaban/project_robot_ws_sim/project_robot_ws/sim/install/robot_sim/share/robot_sim/environment/path.sh
[0.132s] -- Up-to-date: /home/kaban/project_robot_ws_sim/project_robot_ws/sim/install/robot_sim/share/robot_sim/environment/path.dsv
[0.132s] -- Up-to-date: /home/kaban/project_robot_ws_sim/project_robot_ws/sim/install/robot_sim/share/robot_sim/local_setup.bash
[0.132s] -- Up-to-date: /home/kaban/project_robot_ws_sim/project_robot_ws/sim/install/robot_sim/share/robot_sim/local_setup.sh
[0.132s] -- Up-to-date: /home/kaban/project_robot_ws_sim/project_robot_ws/sim/install/robot_sim/share/robot_sim/local_setup.zsh
[0.132s] -- Up-to-date: /home/kaban/project_robot_ws_sim/project_robot_ws/sim/install/robot_sim/share/robot_sim/local_setup.dsv
[0.133s] -- Installing: /home/kaban/project_robot_ws_sim/project_robot_ws/sim/install/robot_sim/share/robot_sim/package.dsv
[0.133s] -- Up-to-date: /home/kaban/project_robot_ws_sim/project_robot_ws/sim/install/robot_sim/share/ament_index/resource_index/packages/robot_sim
[0.133s] -- Up-to-date: /home/kaban/project_robot_ws_sim/project_robot_ws/sim/install/robot_sim/share/robot_sim/cmake/robot_simConfig.cmake
[0.133s] -- Up-to-date: /home/kaban/project_robot_ws_sim/project_robot_ws/sim/install/robot_sim/share/robot_sim/cmake/robot_simConfig-version.cmake
[0.133s] -- Up-to-date: /home/kaban/project_robot_ws_sim/project_robot_ws/sim/install/robot_sim/share/robot_sim/package.xml
[0.133s] Invoked command in '/home/kaban/project_robot_ws_sim/project_robot_ws/sim/build/robot_sim' returned '0': CMAKE_PREFIX_PATH=${CMAKE_PREFIX_PATH}:/opt/ros/jazzy DEBUGINFOD_URLS=https://debuginfod.ubuntu.com /usr/bin/cmake --install /home/kaban/project_robot_ws_sim/project_robot_ws/sim/build/robot_sim
