[0.008s] Invoking command in '/home/kaban/project_robot_ws_sim/project_robot_ws/sim/urdf/robot_urdf/build/robot_urdf': /usr/bin/cmake /home/kaban/project_robot_ws_sim/project_robot_ws/sim/urdf/robot_urdf -DCATKIN_INSTALL_INTO_PREFIX_ROOT=0 -DCMAKE_INSTALL_PREFIX=/home/kaban/project_robot_ws_sim/project_robot_ws/sim/urdf/robot_urdf/install/robot_urdf
[0.015s] [0mCMake Deprecation Warning at CMakeLists.txt:1 (cmake_minimum_required):
[0.015s]   Compatibility with CMake < 2.8.12 will be removed from a future version of
[0.015s]   CMake.
[0.015s] 
[0.015s]   Update the VERSION argument <min> value or use a ...<max> suffix to tell
[0.015s]   CMake that the project does not need compatibility with older versions.
[0.015s] 
[0.015s] [0m
[0.088s] -- The C compiler identification is GNU 11.4.0
[0.162s] -- The CXX compiler identification is GNU 11.4.0
[0.170s] -- Detecting C compiler ABI info
[0.222s] -- Detecting C compiler ABI info - done
[0.230s] -- Check for working C compiler: /usr/bin/cc - skipped
[0.231s] -- Detecting C compile features
[0.231s] -- Detecting C compile features - done
[0.240s] -- Detecting CXX compiler ABI info
[0.306s] -- Detecting CXX compiler ABI info - done
[0.315s] -- Check for working CXX compiler: /usr/bin/c++ - skipped
[0.315s] -- Detecting CXX compile features
[0.315s] -- Detecting CXX compile features - done
[0.327s] [31mCMake Error at CMakeLists.txt:5 (find_package):
[0.327s]   By not providing "Findcatkin.cmake" in CMAKE_MODULE_PATH this project has
[0.327s]   asked CMake to find a package configuration file provided by "catkin", but
[0.327s]   CMake did not find one.
[0.327s] 
[0.327s]   Could not find a package configuration file provided by "catkin" with any
[0.327s]   of the following names:
[0.327s] 
[0.327s]     catkinConfig.cmake
[0.327s]     catkin-config.cmake
[0.327s] 
[0.327s]   Add the installation prefix of "catkin" to CMAKE_PREFIX_PATH or set
[0.327s]   "catkin_DIR" to a directory containing one of the above files.  If "catkin"
[0.327s]   provides a separate development package or SDK, be sure it has been
[0.327s]   installed.
[0.327s] 
[0.327s] [0m
[0.327s] -- Configuring incomplete, errors occurred!
[0.327s] See also "/home/kaban/project_robot_ws_sim/project_robot_ws/sim/urdf/robot_urdf/build/robot_urdf/CMakeFiles/CMakeOutput.log".
[0.331s] Invoked command in '/home/kaban/project_robot_ws_sim/project_robot_ws/sim/urdf/robot_urdf/build/robot_urdf' returned '1': /usr/bin/cmake /home/kaban/project_robot_ws_sim/project_robot_ws/sim/urdf/robot_urdf -DCATKIN_INSTALL_INTO_PREFIX_ROOT=0 -DCMAKE_INSTALL_PREFIX=/home/kaban/project_robot_ws_sim/project_robot_ws/sim/urdf/robot_urdf/install/robot_urdf
