[0.078s] DEBUG:colcon:Command line arguments: ['/usr/bin/colcon', 'build']
[0.078s] DEBUG:colcon:Parsed command line arguments: Namespace(log_base=None, log_level=None, verb_name='build', build_base='build', install_base='install', merge_install=False, symlink_install=False, test_result_base=None, continue_on_error=False, executor='parallel', parallel_workers=24, event_handlers=None, ignore_user_meta=False, metas=['./colcon.meta'], base_paths=['.'], packages_ignore=None, packages_ignore_regex=None, paths=None, packages_up_to=None, packages_up_to_regex=None, packages_above=None, packages_above_and_dependencies=None, packages_above_depth=None, packages_select_by_dep=None, packages_skip_by_dep=None, packages_skip_up_to=None, packages_select_build_failed=False, packages_skip_build_finished=False, packages_select_test_failures=False, packages_skip_test_passed=False, packages_select=None, packages_skip=None, packages_select_regex=None, packages_skip_regex=None, packages_start=None, packages_end=None, allow_overriding=[], cmake_args=None, cmake_target=None, cmake_target_skip_unavailable=False, cmake_clean_cache=False, cmake_clean_first=False, cmake_force_configure=False, ament_cmake_args=None, catkin_cmake_args=None, catkin_skip_building_tests=False, verb_parser=<colcon_defaults.argument_parser.defaults.DefaultArgumentsDecorator object at 0x7b3283d2b4c0>, verb_extension=<colcon_core.verb.build.BuildVerb object at 0x7b3283e80760>, main=<bound method BuildVerb.main of <colcon_core.verb.build.BuildVerb object at 0x7b3283e80760>>)
[0.179s] Level 1:colcon.colcon_core.package_discovery:discover_packages(colcon_meta) check parameters
[0.179s] Level 1:colcon.colcon_core.package_discovery:discover_packages(recursive) check parameters
[0.179s] Level 1:colcon.colcon_core.package_discovery:discover_packages(ignore) check parameters
[0.179s] Level 1:colcon.colcon_core.package_discovery:discover_packages(path) check parameters
[0.179s] Level 1:colcon.colcon_core.package_discovery:discover_packages(colcon_meta) discover
[0.180s] Level 1:colcon.colcon_core.package_discovery:discover_packages(recursive) discover
[0.180s] INFO:colcon.colcon_core.package_discovery:Crawling recursively for packages in '/home/kaban/project_robot_ws_sim/project_robot_ws/sim/urdf/robot_urdf'
[0.180s] Level 1:colcon.colcon_core.package_identification:_identify(.) by extensions ['ignore', 'ignore_ament_install']
[0.180s] Level 1:colcon.colcon_core.package_identification:_identify(.) by extension 'ignore'
[0.180s] Level 1:colcon.colcon_core.package_identification:_identify(.) by extension 'ignore_ament_install'
[0.180s] Level 1:colcon.colcon_core.package_identification:_identify(.) by extensions ['colcon_pkg']
[0.180s] Level 1:colcon.colcon_core.package_identification:_identify(.) by extension 'colcon_pkg'
[0.180s] Level 1:colcon.colcon_core.package_identification:_identify(.) by extensions ['colcon_meta']
[0.180s] Level 1:colcon.colcon_core.package_identification:_identify(.) by extension 'colcon_meta'
[0.180s] Level 1:colcon.colcon_core.package_identification:_identify(.) by extensions ['ros']
[0.180s] Level 1:colcon.colcon_core.package_identification:_identify(.) by extension 'ros'
[0.192s] DEBUG:colcon.colcon_core.package_identification:Package '.' with type 'ros.catkin' and name 'robot_urdf'
[0.192s] Level 1:colcon.colcon_core.package_discovery:discover_packages(recursive) using defaults
[0.192s] Level 1:colcon.colcon_core.package_discovery:discover_packages(ignore) discover
[0.192s] Level 1:colcon.colcon_core.package_discovery:discover_packages(ignore) using defaults
[0.192s] Level 1:colcon.colcon_core.package_discovery:discover_packages(path) discover
[0.192s] Level 1:colcon.colcon_core.package_discovery:discover_packages(path) using defaults
[0.223s] Level 1:colcon.colcon_core.package_discovery:discover_packages(prefix_path) check parameters
[0.223s] Level 1:colcon.colcon_core.package_discovery:discover_packages(prefix_path) discover
[0.224s] DEBUG:colcon.colcon_installed_package_information.package_discovery:Found 375 installed packages in /opt/ros/humble
[0.226s] Level 1:colcon.colcon_core.package_discovery:discover_packages(prefix_path) using defaults
[0.255s] Level 5:colcon.colcon_core.verb:set package 'robot_urdf' build argument 'cmake_args' from command line to 'None'
[0.255s] Level 5:colcon.colcon_core.verb:set package 'robot_urdf' build argument 'cmake_target' from command line to 'None'
[0.255s] Level 5:colcon.colcon_core.verb:set package 'robot_urdf' build argument 'cmake_target_skip_unavailable' from command line to 'False'
[0.255s] Level 5:colcon.colcon_core.verb:set package 'robot_urdf' build argument 'cmake_clean_cache' from command line to 'False'
[0.255s] Level 5:colcon.colcon_core.verb:set package 'robot_urdf' build argument 'cmake_clean_first' from command line to 'False'
[0.255s] Level 5:colcon.colcon_core.verb:set package 'robot_urdf' build argument 'cmake_force_configure' from command line to 'False'
[0.255s] Level 5:colcon.colcon_core.verb:set package 'robot_urdf' build argument 'ament_cmake_args' from command line to 'None'
[0.255s] Level 5:colcon.colcon_core.verb:set package 'robot_urdf' build argument 'catkin_cmake_args' from command line to 'None'
[0.255s] Level 5:colcon.colcon_core.verb:set package 'robot_urdf' build argument 'catkin_skip_building_tests' from command line to 'False'
[0.255s] DEBUG:colcon.colcon_core.verb:Building package 'robot_urdf' with the following arguments: {'ament_cmake_args': None, 'build_base': '/home/kaban/project_robot_ws_sim/project_robot_ws/sim/urdf/robot_urdf/build/robot_urdf', 'catkin_cmake_args': None, 'catkin_skip_building_tests': False, 'cmake_args': None, 'cmake_clean_cache': False, 'cmake_clean_first': False, 'cmake_force_configure': False, 'cmake_target': None, 'cmake_target_skip_unavailable': False, 'install_base': '/home/kaban/project_robot_ws_sim/project_robot_ws/sim/urdf/robot_urdf/install/robot_urdf', 'merge_install': False, 'path': '/home/kaban/project_robot_ws_sim/project_robot_ws/sim/urdf/robot_urdf', 'symlink_install': False, 'test_result_base': None}
[0.255s] INFO:colcon.colcon_core.executor:Executing jobs using 'parallel' executor
[0.256s] DEBUG:colcon.colcon_parallel_executor.executor.parallel:run_until_complete
[0.256s] INFO:colcon.colcon_ros.task.catkin.build:Building ROS package in '/home/kaban/project_robot_ws_sim/project_robot_ws/sim/urdf/robot_urdf' with build type 'catkin'
[0.256s] INFO:colcon.colcon_cmake.task.cmake.build:Building CMake package in '/home/kaban/project_robot_ws_sim/project_robot_ws/sim/urdf/robot_urdf'
[0.257s] INFO:colcon.colcon_core.plugin_system:Skipping extension 'colcon_core.shell.bat': Not used on non-Windows systems
[0.258s] INFO:colcon.colcon_core.shell:Skip shell extension 'powershell' for command environment: Not usable outside of PowerShell
[0.258s] DEBUG:colcon.colcon_core.shell:Skip shell extension 'dsv' for command environment
[0.265s] DEBUG:colcon.colcon_core.event_handler.log_command:Invoking command in '/home/kaban/project_robot_ws_sim/project_robot_ws/sim/urdf/robot_urdf/build/robot_urdf': /usr/bin/cmake /home/kaban/project_robot_ws_sim/project_robot_ws/sim/urdf/robot_urdf -DCATKIN_INSTALL_INTO_PREFIX_ROOT=0 -DCMAKE_INSTALL_PREFIX=/home/kaban/project_robot_ws_sim/project_robot_ws/sim/urdf/robot_urdf/install/robot_urdf
[0.588s] DEBUG:colcon.colcon_core.event_handler.log_command:Invoked command in '/home/kaban/project_robot_ws_sim/project_robot_ws/sim/urdf/robot_urdf/build/robot_urdf' returned '1': /usr/bin/cmake /home/kaban/project_robot_ws_sim/project_robot_ws/sim/urdf/robot_urdf -DCATKIN_INSTALL_INTO_PREFIX_ROOT=0 -DCMAKE_INSTALL_PREFIX=/home/kaban/project_robot_ws_sim/project_robot_ws/sim/urdf/robot_urdf/install/robot_urdf
[0.596s] Level 1:colcon.colcon_core.environment:create_environment_scripts_only(robot_urdf)
[0.597s] Level 1:colcon.colcon_core.environment:checking '/home/kaban/project_robot_ws_sim/project_robot_ws/sim/urdf/robot_urdf/install/robot_urdf' for CMake module files
[0.598s] Level 1:colcon.colcon_core.environment:checking '/home/kaban/project_robot_ws_sim/project_robot_ws/sim/urdf/robot_urdf/install/robot_urdf' for CMake config files
[0.598s] Level 1:colcon.colcon_core.environment:checking '/home/kaban/project_robot_ws_sim/project_robot_ws/sim/urdf/robot_urdf/install/robot_urdf/bin'
[0.598s] Level 1:colcon.colcon_core.environment:checking '/home/kaban/project_robot_ws_sim/project_robot_ws/sim/urdf/robot_urdf/install/robot_urdf/lib/pkgconfig/robot_urdf.pc'
[0.598s] Level 1:colcon.colcon_core.environment:checking '/home/kaban/project_robot_ws_sim/project_robot_ws/sim/urdf/robot_urdf/install/robot_urdf/lib/python3.10/site-packages'
[0.598s] Level 1:colcon.colcon_core.environment:checking '/home/kaban/project_robot_ws_sim/project_robot_ws/sim/urdf/robot_urdf/install/robot_urdf/bin'
[0.598s] INFO:colcon.colcon_core.shell:Creating package script '/home/kaban/project_robot_ws_sim/project_robot_ws/sim/urdf/robot_urdf/install/robot_urdf/share/robot_urdf/package.ps1'
[0.599s] INFO:colcon.colcon_core.shell:Creating package descriptor '/home/kaban/project_robot_ws_sim/project_robot_ws/sim/urdf/robot_urdf/install/robot_urdf/share/robot_urdf/package.dsv'
[0.599s] INFO:colcon.colcon_core.shell:Creating package script '/home/kaban/project_robot_ws_sim/project_robot_ws/sim/urdf/robot_urdf/install/robot_urdf/share/robot_urdf/package.sh'
[0.599s] INFO:colcon.colcon_core.shell:Creating package script '/home/kaban/project_robot_ws_sim/project_robot_ws/sim/urdf/robot_urdf/install/robot_urdf/share/robot_urdf/package.bash'
[0.599s] INFO:colcon.colcon_core.shell:Creating package script '/home/kaban/project_robot_ws_sim/project_robot_ws/sim/urdf/robot_urdf/install/robot_urdf/share/robot_urdf/package.zsh'
[0.600s] Level 1:colcon.colcon_core.environment:create_file_with_runtime_dependencies(/home/kaban/project_robot_ws_sim/project_robot_ws/sim/urdf/robot_urdf/install/robot_urdf/share/colcon-core/packages/robot_urdf)
[0.600s] DEBUG:colcon.colcon_parallel_executor.executor.parallel:closing loop
[0.600s] DEBUG:colcon.colcon_parallel_executor.executor.parallel:loop closed
[0.600s] DEBUG:colcon.colcon_parallel_executor.executor.parallel:run_until_complete finished with '1'
[0.600s] DEBUG:colcon.colcon_core.event_reactor:joining thread
[0.603s] INFO:colcon.colcon_core.plugin_system:Skipping extension 'colcon_notification.desktop_notification.terminal_notifier': Not used on non-Darwin systems
[0.603s] INFO:colcon.colcon_core.plugin_system:Skipping extension 'colcon_notification.desktop_notification.win32': Not used on non-Windows systems
[0.603s] INFO:colcon.colcon_notification.desktop_notification:Sending desktop notification using 'notify2'
[0.605s] DEBUG:colcon.colcon_notification.desktop_notification.notify2:Failed to initialize notify2: org.freedesktop.DBus.Error.Spawn.ExecFailed: /usr/bin/dbus-launch terminated abnormally without any error message
[0.605s] DEBUG:colcon.colcon_core.event_reactor:joined thread
[0.605s] INFO:colcon.colcon_core.shell:Creating prefix script '/home/kaban/project_robot_ws_sim/project_robot_ws/sim/urdf/robot_urdf/install/local_setup.ps1'
[0.606s] INFO:colcon.colcon_core.shell:Creating prefix util module '/home/kaban/project_robot_ws_sim/project_robot_ws/sim/urdf/robot_urdf/install/_local_setup_util_ps1.py'
[0.606s] INFO:colcon.colcon_core.shell:Creating prefix chain script '/home/kaban/project_robot_ws_sim/project_robot_ws/sim/urdf/robot_urdf/install/setup.ps1'
[0.606s] INFO:colcon.colcon_core.shell:Creating prefix script '/home/kaban/project_robot_ws_sim/project_robot_ws/sim/urdf/robot_urdf/install/local_setup.sh'
[0.607s] INFO:colcon.colcon_core.shell:Creating prefix util module '/home/kaban/project_robot_ws_sim/project_robot_ws/sim/urdf/robot_urdf/install/_local_setup_util_sh.py'
[0.607s] INFO:colcon.colcon_core.shell:Creating prefix chain script '/home/kaban/project_robot_ws_sim/project_robot_ws/sim/urdf/robot_urdf/install/setup.sh'
[0.607s] INFO:colcon.colcon_core.shell:Creating prefix script '/home/kaban/project_robot_ws_sim/project_robot_ws/sim/urdf/robot_urdf/install/local_setup.bash'
[0.607s] INFO:colcon.colcon_core.shell:Creating prefix chain script '/home/kaban/project_robot_ws_sim/project_robot_ws/sim/urdf/robot_urdf/install/setup.bash'
[0.608s] INFO:colcon.colcon_core.shell:Creating prefix script '/home/kaban/project_robot_ws_sim/project_robot_ws/sim/urdf/robot_urdf/install/local_setup.zsh'
[0.608s] INFO:colcon.colcon_core.shell:Creating prefix chain script '/home/kaban/project_robot_ws_sim/project_robot_ws/sim/urdf/robot_urdf/install/setup.zsh'
